[
  [
    "sleeknotestaticcontent.sleeknote.com",
    [
      1116421
    ]
  ],
  [
    "||js.driftt.com/include$script",
    [
      1116422
    ]
  ],
  [
    "||assets.ubembed.com/universal$script",
    [
      1116423
    ]
  ],
  [
    "||lightboxcdn.com/vendor$script",
    [
      1116424
    ]
  ],
  [
    "||mailocator.net/_/$script",
    [
      1116425
    ]
  ],
  [
    "cdn1.pdmntn.com",
    [
      1116426
    ]
  ],
  [
    "||static.mailerlite.com/js$script",
    [
      1116427
    ]
  ],
  [
    "||pmdstatic.net/bundle.php$script",
    [
      1116428
    ]
  ],
  [
    "||front.optimonk.com/public/$script",
    [
      1116429
    ]
  ],
  [
    "/wp-content/plugins/newsletter-leads",
    [
      1116430
    ]
  ],
  [
    "||downloads.mailchimp.com/js/signup-forms$script",
    [
      1116431
    ]
  ],
  [
    "||conduit.mailchimpapp.com/js/stores$script",
    [
      1116432
    ]
  ],
  [
    "||a.optmnstr.com/app/js/$script",
    [
      1116433
    ]
  ],
  [
    "||getsocial.io/client$script",
    [
      1116434
    ]
  ],
  [
    "||static.ctctcdn.com/js/signup-form-widget$script,domain=~centerforhealthsecurity.org",
    [
      1116435
    ]
  ],
  [
    "||cdn.justuno.com/mwgt$script",
    [
      1116436
    ]
  ],
  [
    "||a.mailmunch.co/app/$script",
    [
      1116437
    ]
  ],
  [
    "/newsletterPopup.js",
    [
      1116438
    ]
  ],
  [
    "/pmgnews/overlay/newsletter",
    [
      1116439
    ]
  ],
  [
    "||dotmailer-surveys.com/scripts/survey.js$script",
    [
      1116440
    ]
  ],
  [
    "||yieldify.com/yieldify/code.js$script",
    [
      1116441
    ]
  ],
  [
    "||widget.privy.com/assets/widget.js$script",
    [
      1116442
    ]
  ],
  [
    "sumo.b-cdn.net",
    [
      1116443
    ]
  ],
  [
    "||connect.nosto.com/include$script",
    [
      1116444
    ]
  ],
  [
    "||chimpstatic.com/mcjs-connected/js/users$script",
    [
      1116445
    ]
  ],
  [
    "||assets.pcrl.co/js/$script",
    [
      1116446
    ]
  ],
  [
    "/wp-content/plugins/email-subscribers/widget/es-widget-page.js",
    [
      1116447
    ]
  ],
  [
    "||youlead.pl/Scripts/Dynamic.js$script",
    [
      1116448
    ]
  ],
  [
    "||m8.mailplus.nl/genericservice$script",
    [
      1116449
    ]
  ],
  [
    "||restapi.mailplus.nl/integrationservice$script",
    [
      1116450
    ]
  ],
  [
    "||snrcdn.net/sdk/$script",
    [
      1116451
    ]
  ],
  [
    "||cdn.dynamicyield.com/api$script,domain=~haix.de|~bancofalabella.cl",
    [
      1116452
    ]
  ],
  [
    "||static.newsletter2go.com/utils.js$script",
    [
      1116453
    ]
  ],
  [
    "/widget/ecNewsletterPopup/*",
    [
      1116454
    ]
  ],
  [
    "||a.optmstr.com/app/js/$script",
    [
      1116455
    ]
  ],
  [
    "||api.autopilothq.com/anywhere/$script",
    [
      1116456
    ]
  ],
  [
    "||c.salecycle.com/osr/config$script",
    [
      1116457
    ]
  ],
  [
    "/wp-content/plugins/thrive-leads/*$domain=~itnator.net",
    [
      1116458
    ]
  ],
  [
    "/wp-content/plugins/bloom/*",
    [
      1116459
    ]
  ],
  [
    "||js.hsleadflows.net/leadflows.js$script",
    [
      1116460
    ]
  ],
  [
    "/clientlib-newsletter.js",
    [
      1116461
    ]
  ],
  [
    "||c.lytics.io/static/pathfora$script",
    [
      1116462
    ]
  ],
  [
    "email-signup-form-popup.js",
    [
      1116463
    ]
  ],
  [
    "||netpeak.cloud/source/js$script",
    [
      1116464
    ]
  ],
  [
    "||bunting.com/call$script",
    [
      1116465
    ]
  ],
  [
    "||cdn.connectif.cloud/cl1/client-script/$script",
    [
      1116466
    ]
  ],
  [
    "/essb-optin-booster.js",
    [
      1116467
    ]
  ],
  [
    "f.convertkit.com",
    [
      1116468
    ]
  ],
  [
    "api.morningcatch.net",
    [
      1116469
    ]
  ],
  [
    "||shopify.privy.com/widget.js$script",
    [
      1116470
    ]
  ],
  [
    "load.sumo.com",
    [
      1116471
    ]
  ],
  [
    "||cdn.listrakbi.com/scripts/script.js$script",
    [
      1116472
    ]
  ],
  [
    "/wp-content/plugins/dreamgrow-scroll-triggered-box/*",
    [
      1116473
    ]
  ],
  [
    "||d3bo67muzbfgtl.cloudfront.net/edrone$script",
    [
      1116474
    ]
  ],
  [
    "/newsletter_modals.min.",
    [
      1116475
    ]
  ],
  [
    "my.hellobar.com",
    [
      1116476
    ]
  ],
  [
    "||screenpopper.com/s-hub$script",
    [
      1116477
    ]
  ],
  [
    "||static.scarabresearch.com/wpjs$script",
    [
      1116478
    ]
  ],
  [
    "||cdn.swellrewards.com/loader$script",
    [
      1116479
    ]
  ],
  [
    "||lifterpopup.com/js/modal.js$script",
    [
      1116480
    ]
  ],
  [
    "||lpages.co/leadbox$script",
    [
      1116481
    ]
  ],
  [
    "||cdn.crall.io/t/client.js$script",
    [
      1116482
    ]
  ],
  [
    "||a.opmnstr.com/app/js/$script",
    [
      1116483
    ]
  ],
  [
    "||app2.salesmanago.pl/dynamic$script",
    [
      1116484
    ]
  ],
  [
    "||se.monetate.net/js/$script",
    [
      1116485
    ]
  ],
  [
    "||cdn.blueconic.net/hearst.js$script",
    [
      1116486
    ]
  ],
  [
    "/js/website/modal-newsletter~rc-module-newsletter",
    [
      1116487
    ]
  ],
  [
    "||cdn.omniconvert.com/js$script",
    [
      1116488
    ]
  ],
  [
    "||cdn.omniconvert.com/async/js$script",
    [
      1116489
    ]
  ],
  [
    "/frosmo.easy.js",
    [
      1116490
    ]
  ],
  [
    "||static-sb.com/js/sb-tracker.js$script",
    [
      1116491
    ]
  ],
  [
    "||mailmojo.no/sdk.js$script",
    [
      1116492
    ]
  ],
  [
    "/wp-content/popupally-pro-scripts",
    [
      1116493
    ]
  ],
  [
    "||media-inea.ipresso.pl/monitoridentification$script",
    [
      1116494
    ]
  ],
  [
    "/wp-content/plugins/mailoptin/*",
    [
      1116495
    ]
  ],
  [
    "||a.optnmnstr.com/app/js/$script",
    [
      1116496
    ]
  ],
  [
    "||static.popmechanic.ru/service/loader.js$script",
    [
      1116497
    ]
  ],
  [
    "static.zotabox.com",
    [
      1116498
    ]
  ],
  [
    "||marketbeat.com/scripts/modal/affiliatepopup.js$script",
    [
      1116499
    ]
  ],
  [
    "||widget.pico.tools/static/js/bundle.js$script",
    [
      1116500
    ]
  ],
  [
    "||powr.io/powr.js$script",
    [
      1116501
    ]
  ],
  [
    "/wp-content/plugins/layered-popups/*",
    [
      1116502
    ]
  ],
  [
    "/wp-content/plugins/mailchimp-for-wp/*",
    [
      1116503
    ]
  ],
  [
    "||bounceexchange.com/tag$script",
    [
      1116504
    ]
  ],
  [
    "tag.bounceexchange.com",
    [
      1116505
    ]
  ],
  [
    "||leadpages.net/leadboxes/current$script",
    [
      1116506
    ]
  ],
  [
    "||flodesk.com/universal$script",
    [
      1116507
    ]
  ],
  [
    "||activehosted.com/f/embed.php$script,domain=~renegade.global",
    [
      1116508
    ]
  ],
  [
    "/wp-content/plugins/99robots-optin-fire/*",
    [
      1116509
    ]
  ],
  [
    "||getresponse.com/view_webform$script",
    [
      1116510
    ]
  ],
  [
    "/gr-popups$script",
    [
      1116511
    ]
  ],
  [
    "||get.exitintel.com/load.js$script",
    [
      1116512
    ]
  ],
  [
    "/popup-by-supsystic/*",
    [
      1116513
    ]
  ],
  [
    "||cdn.jst.ai/mwgt$script",
    [
      1116514
    ]
  ],
  [
    "||milotree.com/container$script",
    [
      1116515
    ]
  ],
  [
    "/zaius-min.js",
    [
      1116516
    ]
  ],
  [
    "/wp-content/plugins/convertplug/*$~image",
    [
      1116517
    ]
  ],
  [
    "/wp-content/plugins/optin-monster/*",
    [
      1116518
    ]
  ],
  [
    ".wisepops.com/get-loader.js",
    [
      1116519
    ]
  ],
  [
    "api.exponea.com",
    [
      1116520
    ]
  ],
  [
    "/ouibounce.min.js",
    [
      1116521
    ]
  ],
  [
    "||bluecore.com/triggermail$script",
    [
      1116522
    ]
  ],
  [
    "||cloudiq.com/tag$script",
    [
      1116523
    ]
  ],
  [
    "||leadpages.net/leadbars/current/embed.js$script",
    [
      1116524
    ]
  ],
  [
    "||s.sloyalty.com/site_media$script",
    [
      1116525
    ]
  ],
  [
    "||klaviyo.com/onsite/js/vendors~signupForms$script",
    [
      1116526
    ]
  ],
  [
    "/vidstore-popups/assets/public/js/newsletter.min.js",
    [
      1116527
    ]
  ],
  [
    "||app-abd.marketo.com/js$script",
    [
      1116528
    ]
  ],
  [
    "||omappapi.com/app$script",
    [
      1116529
    ]
  ],
  [
    "tag.getdrip.com",
    [
      1116530
    ]
  ],
  [
    "||zoho.com/js/optin$script",
    [
      1116531
    ]
  ],
  [
    "/entries?content_type=staticContentBlock&fields.id=email-capture",
    [
      1116532
    ]
  ],
  [
    "||cloud-iq.com/cartrecovery/store.js$script",
    [
      1116533
    ]
  ],
  [
    "/axnewsletter.js",
    [
      1116534
    ]
  ],
  [
    "/wp-content/plugins/popupally",
    [
      1116535
    ]
  ],
  [
    "api.omappapi.com",
    [
      1116536
    ]
  ],
  [
    "/email-capture/email-capture-",
    [
      1116537
    ]
  ],
  [
    "||californiatimes.com/newsletter-campaign-manager$script",
    [
      1116538
    ]
  ],
  [
    "||quitsnap-blue.com/js/os_engine.js$script",
    [
      1116539
    ]
  ],
  [
    "/wp-content/plugins/convertpro/*",
    [
      1116540
    ]
  ],
  [
    "/wp-content/plugins/optin-revolution/*",
    [
      1116541
    ]
  ],
  [
    "||addthis.com/js/300/addthis_widget.js$script",
    [
      1116542
    ]
  ],
  [
    "api-cis.exponea.com",
    [
      1116543
    ]
  ],
  [
    "||api.traq.li/public/sdk$script",
    [
      1116544
    ]
  ],
  [
    "tracking.retargeting.biz",
    [
      1116545
    ]
  ],
  [
    "ping.contactpigeon.com",
    [
      1116546
    ]
  ],
  [
    "/newsletter-invite.js",
    [
      1116547
    ]
  ],
  [
    "/Action-Subscribe-2019.js",
    [
      1116548
    ]
  ],
  [
    "||convertbox.com/convertbox$script",
    [
      1116549
    ]
  ],
  [
    "||birdsend.co/assets/static/js/pixel/main.js$script",
    [
      1116550
    ]
  ],
  [
    "||hd.koloo.net/oo.js$script",
    [
      1116551
    ]
  ],
  [
    "||receiptful.com/scripts/shopify.js$script",
    [
      1116552
    ]
  ],
  [
    "t2.netsalesmedia.pl",
    [
      1116553
    ]
  ],
  [
    "content.govdelivery.com",
    [
      1116554
    ]
  ],
  [
    "api.pushnami.com",
    [
      1116555
    ]
  ],
  [
    "/js/deploy/syndicated-newsletter",
    [
      1116556
    ]
  ],
  [
    "||klaviyo.com/onsite/js/signup_forms$script,domain=~ufpro.com|~worldwidestereo.com|~salada.com",
    [
      1116557
    ]
  ],
  [
    "popup.popupsmart.com",
    [
      1116558
    ]
  ],
  [
    "/mol-fe-newsletter-popup/*",
    [
      1116559
    ]
  ],
  [
    "cdn.popt.in",
    [
      1116560
    ]
  ],
  [
    "||data.whizeo.com/widgets$script",
    [
      1116561
    ]
  ],
  [
    "||securedvisit.com/js/sv.js$script",
    [
      1116562
    ]
  ],
  [
    "||dev.visualwebsiteoptimizer.com/j.php$script",
    [
      1116563
    ]
  ],
  [
    "||convertkitqa.com/ckjs$script",
    [
      1116564
    ]
  ],
  [
    "||bounceexchange.com/assets/smart-tag$script",
    [
      1116565
    ]
  ],
  [
    "||adoric-om.com/adoric.js$script",
    [
      1116566
    ]
  ],
  [
    "/wp-content/plugins/woo-coupon-box/*",
    [
      1116567
    ]
  ],
  [
    "forms.convertkit.com",
    [
      1116568
    ]
  ],
  [
    "||convertkit.com/assets^$third-party",
    [
      1116569
    ]
  ],
  [
    "||sdks.automizely.com/conversions$script",
    [
      1116570
    ]
  ],
  [
    "cdn.attn.tv",
    [
      1116571
    ]
  ],
  [
    "||cdn.threadloom.com/ga$script",
    [
      1116572
    ]
  ],
  [
    "/js/website/modal-newsletter",
    [
      1116573
    ]
  ],
  [
    "/exponea.min.js",
    [
      1116574
    ]
  ],
  [
    "||newell.evergage.com/beacon$script",
    [
      1116575
    ]
  ],
  [
    "/evergage.min.js",
    [
      1116576
    ]
  ],
  [
    "/klaviyo_subscribe.js",
    [
      1116577
    ]
  ],
  [
    "||mailcampaigns.nl/interface/popup$script",
    [
      1116578
    ]
  ],
  [
    "/next-gen/dist/NewsletterPopup",
    [
      1116579
    ]
  ],
  [
    "forms.smsbump.com",
    [
      1116580
    ]
  ],
  [
    "/mod_motivatingcoupon/facebox/*",
    [
      1116581
    ]
  ],
  [
    "||static.redeal.se/widget/js/redeal.js$script",
    [
      1116582
    ]
  ],
  [
    "||cdn.optinly.net$third-party",
    [
      1116583
    ]
  ],
  [
    "/rg_smartpopup/*",
    [
      1116584
    ]
  ],
  [
    "/alert/email_subscribe/*",
    [
      1116585
    ]
  ],
  [
    "/arengu-newsletter.js",
    [
      1116586
    ]
  ],
  [
    "/popup-newsletter-$script",
    [
      1116587
    ]
  ],
  [
    "||assets.mailerlite.com^$script",
    [
      1116588
    ]
  ],
  [
    "/ps_emailsubscription.js",
    [
      1116589
    ]
  ],
  [
    "||embedded.wishpondpages.com$third-party,subdocument",
    [
      1116590
    ]
  ],
  [
    "/hs-web-interactive-$third-party,subdocument",
    [
      1116591
    ]
  ],
  [
    "/ht_newsletterpopup",
    [
      1116592
    ]
  ],
  [
    "/avada-popup.min.js",
    [
      1116593
    ]
  ],
  [
    "||connectif.cloud^$third-party",
    [
      1116594
    ]
  ],
  [
    "||tr.vitals.co^$third-party",
    [
      1116595
    ]
  ],
  [
    "||optimove.net^$third-party",
    [
      1116596
    ]
  ],
  [
    "||sail-horizon.com^$third-party",
    [
      1116597
    ]
  ],
  [
    "/assets/section-mailing-popup.",
    [
      1116598
    ]
  ],
  [
    "NotificationDisclaimerControl.js$domain=vontobel.com",
    [
      1116599
    ]
  ],
  [
    "list-builder.js$domain=wanderlust.co.uk",
    [
      1116600
    ]
  ],
  [
    "/amd_modules/newsletter-hover$domain=webmd.com",
    [
      1116601
    ]
  ],
  [
    "/politica-privacidade/lightbox$domain=toysrus.pt",
    [
      1116602
    ]
  ],
  [
    "/opentag-$domain=jet2.com",
    [
      1116603
    ]
  ],
  [
    "global-lightbox.js$domain=drschollsshoes.com",
    [
      1116604
    ]
  ],
  [
    "/wpp-popup-frontend.js$domain=globalvoices.org",
    [
      1116605
    ]
  ],
  [
    "/email.js$domain=tp-link.com",
    [
      1116606
    ]
  ],
  [
    "||ibt-mail.com/view_webform$script,domain=ibtimes.com",
    [
      1116607
    ]
  ],
  [
    "/lightboxform.js$domain=tips.net",
    [
      1116608
    ]
  ],
  [
    "/esm.js$domain=yamahamotorsports.com",
    [
      1116609
    ]
  ],
  [
    "/aiosp-jsonp.js$domain=kleren.com",
    [
      1116610
    ]
  ],
  [
    "/vol-modal/*$domain=thepaintstore.com",
    [
      1116611
    ]
  ],
  [
    "||imimg.com/js/reqForms.min.js$script,domain=indiamart.com",
    [
      1116612
    ]
  ],
  [
    "try.abtasty.com$domain=leparisien.fr",
    [
      1116613
    ]
  ],
  [
    "/Action-Subscribe$domain=naturalnews.com",
    [
      1116614
    ]
  ],
  [
    "/sharing/popover.js$domain=mymemory.co.uk",
    [
      1116615
    ]
  ],
  [
    "/popup/tsr$domain=superyachtnews.com",
    [
      1116616
    ]
  ],
  [
    "/simpleSignupManager.chunk.js$domain=manning.com",
    [
      1116617
    ]
  ],
  [
    "cdn-promote.weebly.com$domain=weebly.com",
    [
      1116618
    ]
  ],
  [
    "/acquisition-tag.js$domain=latribune.fr",
    [
      1116619
    ]
  ],
  [
    "/pharmapopin/*$domain=pharmasimple.com",
    [
      1116620
    ]
  ],
  [
    "/crm.js$domain=fujifilm-x.com",
    [
      1116621
    ]
  ],
  [
    "/sven_daspopup/*$domain=adler-farbenmeister.com",
    [
      1116622
    ]
  ],
  [
    "/PopupNewsletter/GetLayer$domain=yoox.com",
    [
      1116623
    ]
  ],
  [
    "/emailcollection/*$domain=motorsport.com",
    [
      1116624
    ]
  ],
  [
    "/popoverv2.js*$domain=britishcornershop.co.uk",
    [
      1116625
    ]
  ],
  [
    "/fp-web-flyout-widget.min.js^$domain=getfirepush.com",
    [
      1116626
    ]
  ],
  [
    "/tingle.$domain=arcade1up.com",
    [
      1116627
    ]
  ],
  [
    "||tinypass.com/api/tinypass.min.js^$domain=technologyreview.com",
    [
      1116628
    ]
  ],
  [
    "/SysConsentComponent.js$domain=netpeak.net",
    [
      1116629
    ]
  ],
  [
    "||cdn.p-n.io/pushly$script",
    [
      1116630
    ]
  ],
  [
    "||app3.emlgrid.com/static/sm.js$script",
    [
      1116631
    ]
  ],
  [
    "webpush-desktop.chunk.js",
    [
      1116632
    ]
  ],
  [
    "||push4site.com/Static/Script/$script",
    [
      1116633
    ]
  ],
  [
    "cdn.ghostmonitor.com",
    [
      1116634
    ]
  ],
  [
    "notify.hindustantimes.com",
    [
      1116635
    ]
  ],
  [
    "webpush.interia.pl",
    [
      1116636
    ]
  ],
  [
    ".izooto.com/scripts",
    [
      1116637
    ]
  ],
  [
    "js.pusher.com$domain=~itv.com|~lickd.co|~foliohd.com",
    [
      1116638
    ]
  ],
  [
    "||push-ad.com/integration.php$script",
    [
      1116639
    ]
  ],
  [
    "||cdn.pushassist.com/account/assets/$script",
    [
      1116640
    ]
  ],
  [
    "||gadgets.ndtv.com/static/desktop/js/notification_popup-min.js$script",
    [
      1116641
    ]
  ],
  [
    "pusherism.com",
    [
      1116642
    ]
  ],
  [
    "pushnest.com",
    [
      1116643
    ]
  ],
  [
    "||getpushmonkey.com/sdk/config$script",
    [
      1116644
    ]
  ],
  [
    "||cdn.onesignal.com/sdks$script",
    [
      1116645
    ]
  ],
  [
    "||pushpushgo.com/js$script",
    [
      1116646
    ]
  ],
  [
    "cdn.sendpulse.com$domain=~movie4k.eu",
    [
      1116647
    ]
  ],
  [
    "||salesmanago.pl/static/sm.js$script",
    [
      1116648
    ]
  ],
  [
    "cdn.pushcrew.com",
    [
      1116649
    ]
  ],
  [
    "/streamlined-push-plugin.production.min.js",
    [
      1116650
    ]
  ],
  [
    "app.push-ad.com",
    [
      1116651
    ]
  ],
  [
    "/pushnotification/service-worker-script.js",
    [
      1116652
    ]
  ],
  [
    "/sp-push-worker.js",
    [
      1116653
    ]
  ],
  [
    "95p5qep4aq.com",
    [
      1116654
    ]
  ],
  [
    "||snrcdn.net/sdk/$script",
    [
      1116655
    ]
  ],
  [
    "via.batch.com",
    [
      1116656
    ]
  ],
  [
    "||wonderpush.com/sdk/$script",
    [
      1116657
    ]
  ],
  [
    "clientcdn.pushengage.com",
    [
      1116658
    ]
  ],
  [
    "||web-sdk.urbanairship.com/notify/$script",
    [
      1116659
    ]
  ],
  [
    "api.sociaplus.com",
    [
      1116660
    ]
  ],
  [
    "/plugins/tmx-push/*",
    [
      1116661
    ]
  ],
  [
    "/firebase-messaging.js$domain=~dn.pt|~jn.pt",
    [
      1116662
    ]
  ],
  [
    "pushno.com",
    [
      1116663
    ]
  ],
  [
    "pushwhy.com",
    [
      1116664
    ]
  ],
  [
    "pushame.com",
    [
      1116665
    ]
  ],
  [
    "||voirfilms.ws/sw.js$script",
    [
      1116666
    ]
  ],
  [
    "||siteswithcontent.com/js/push$script",
    [
      1116667
    ]
  ],
  [
    "||cdn.moengage.com/webpush$script",
    [
      1116668
    ]
  ],
  [
    "||brandflow.net/static/general/push-init-code.js$script",
    [
      1116669
    ]
  ],
  [
    "||cleverpush.com/channel/loader$script",
    [
      1116670
    ]
  ],
  [
    "||static.getback.ch/clients$script",
    [
      1116671
    ]
  ],
  [
    "/PushNotifications.",
    [
      1116672
    ]
  ],
  [
    "cdn.pushowl.com",
    [
      1116673
    ]
  ],
  [
    "||accengage.net/pushweb/$script",
    [
      1116674
    ]
  ],
  [
    "||cdn.foxpush.net/sdk/foxpush_SDK$script",
    [
      1116675
    ]
  ],
  [
    "||js.appboycdn.com/web-sdk/$script",
    [
      1116676
    ]
  ],
  [
    "||cdn.taboola.com/libtrc/tmg-network/loader.js$script",
    [
      1116677
    ]
  ],
  [
    "/js/push_subscription.js",
    [
      1116678
    ]
  ],
  [
    "||pushwoosh.com/webpush$script",
    [
      1116679
    ]
  ],
  [
    "push_service-worker.js",
    [
      1116680
    ]
  ],
  [
    "0_ghpush_client.js",
    [
      1116681
    ]
  ],
  [
    "||pastoupt.com/ntfc.php$script",
    [
      1116682
    ]
  ],
  [
    "||pushsar.com/ntfc.php$script",
    [
      1116683
    ]
  ],
  [
    "sdk.jeeng.com",
    [
      1116684
    ]
  ],
  [
    "||d3bo67muzbfgtl.cloudfront.net/edrone$script",
    [
      1116685
    ]
  ],
  [
    "||admessage.support/system_domain.js$script",
    [
      1116686
    ]
  ],
  [
    "/push/js/sdk/insider-push-native-sdk.js",
    [
      1116687
    ]
  ],
  [
    "pharance.com",
    [
      1116688
    ]
  ],
  [
    "||pushance.com/ntfc.php$script",
    [
      1116689
    ]
  ],
  [
    "||tattepush.com/push.js$script",
    [
      1116690
    ]
  ],
  [
    ".contentsitesrv.com/js/push",
    [
      1116691
    ]
  ],
  [
    "||jattepush.com/push.js$script",
    [
      1116692
    ]
  ],
  [
    "||pushanert.com/ntfc.php$script",
    [
      1116693
    ]
  ],
  [
    "/web-push/init.min.js$domain=~finanzen.ch|~finanzen.net|~finanzen.at",
    [
      1116694
    ]
  ],
  [
    "||aimtell.com/trackpush/trackpush.min.js$script",
    [
      1116695
    ]
  ],
  [
    "||hmcfront.akamaized.net/hd/extra/assets/www/notification.$script",
    [
      1116696
    ]
  ],
  [
    "/webpush.js",
    [
      1116697
    ]
  ],
  [
    "||youlead.pl/ylwebpush.js$script",
    [
      1116698
    ]
  ],
  [
    "push.delivery.ethinking.de",
    [
      1116699
    ]
  ],
  [
    "/web-push.js",
    [
      1116700
    ]
  ],
  [
    "||freeclick.me/?pu=$script",
    [
      1116701
    ]
  ],
  [
    "||cdn.pushalert.co/integrate$script",
    [
      1116702
    ]
  ],
  [
    "||cdn.gravitec.net/storage$script",
    [
      1116703
    ]
  ],
  [
    ".izooto.com/optin",
    [
      1116704
    ]
  ],
  [
    "cdn.qgraph.io",
    [
      1116705
    ]
  ],
  [
    "sw.wpush.org",
    [
      1116706
    ]
  ],
  [
    "||cdn.pn.vg/c/ig/pushnews.min.js$script",
    [
      1116707
    ]
  ],
  [
    "||subscribers.com/assets/subscribers.js$script",
    [
      1116708
    ]
  ],
  [
    "/webpush-loader.js",
    [
      1116709
    ]
  ],
  [
    "app.wigzo.com",
    [
      1116710
    ]
  ],
  [
    "app.getbeamer.com",
    [
      1116711
    ]
  ],
  [
    "api.signalize.com",
    [
      1116712
    ]
  ],
  [
    "cdn.letreach.com",
    [
      1116713
    ]
  ],
  [
    "gg.faromen.online",
    [
      1116714
    ]
  ],
  [
    "/js/webpushr.app",
    [
      1116715
    ]
  ],
  [
    "||pushwoosh.com/json$script",
    [
      1116716
    ]
  ],
  [
    "||pushpushgo.com/scripts$script",
    [
      1116717
    ]
  ],
  [
    "||hrbpark.bid/pushJs$script",
    [
      1116718
    ]
  ],
  [
    "||webpushs.com/js/push$script",
    [
      1116719
    ]
  ],
  [
    "wwopenclick.space",
    [
      1116720
    ]
  ],
  [
    "iss.shopimind.com",
    [
      1116721
    ]
  ],
  [
    "||cdn.pn.vg/push$script",
    [
      1116722
    ]
  ],
  [
    "/webpush-production.js",
    [
      1116723
    ]
  ],
  [
    "cdn.notifyvisitors.com",
    [
      1116724
    ]
  ],
  [
    "||cdn.webpushr.com/app$script",
    [
      1116725
    ]
  ],
  [
    "t2.netsalesmedia.pl",
    [
      1116726
    ]
  ],
  [
    "api.pushnami.com",
    [
      1116727
    ]
  ],
  [
    "/OneSignalSDK",
    [
      1116728
    ]
  ],
  [
    "||aswpsdkus.com/notify$script",
    [
      1116729
    ]
  ],
  [
    "/web-push-notification.js",
    [
      1116730
    ]
  ],
  [
    "/nano-webpush-ui",
    [
      1116731
    ]
  ],
  [
    "cdn.pushmaster-cdn.xyz",
    [
      1116732
    ]
  ],
  [
    "cdn.netmera-web.com",
    [
      1116733
    ]
  ],
  [
    "/smio-push-notification/*",
    [
      1116734
    ]
  ],
  [
    "/BildirtSDKfiles.js",
    [
      1116735
    ]
  ],
  [
    "cdn.onepush.app",
    [
      1116736
    ]
  ],
  [
    "||truepush.com/sdk$script",
    [
      1116737
    ]
  ],
  [
    "||assets.emarsys.net/web-emarsys-sdk/*$script",
    [
      1116738
    ]
  ],
  [
    "||notifpush.com/scripts$script",
    [
      1116739
    ]
  ],
  [
    "||js.smct.io/*/notifications*$script",
    [
      1116740
    ]
  ],
  [
    "push/push*$script",
    [
      1116741
    ]
  ],
  [
    "||pushwoosh.com^",
    [
      1116742
    ]
  ],
  [
    "/pushnotifications^",
    [
      1116743
    ]
  ],
  [
    "||sendsay.ru/backend/push/*",
    [
      1116744
    ]
  ],
  [
    "/social_push_notifications/*",
    [
      1116745
    ]
  ],
  [
    "||pushpanda.io^$third-party",
    [
      1116746
    ]
  ],
  [
    "||potisni.me/js/enable-push.js$third-party",
    [
      1116747
    ]
  ],
  [
    "/_pushAllow.js",
    [
      1116748
    ]
  ],
  [
    "/clevertap.min.js",
    [
      1116749
    ]
  ],
  [
    "plugins/tfnotifier-wp/*",
    [
      1116750
    ]
  ],
  [
    "messaging/webpush*",
    [
      1116751
    ]
  ],
  [
    "/service-webpush-firebase.js",
    [
      1116752
    ]
  ],
  [
    "/js/push.js",
    [
      1116753
    ]
  ],
  [
    "/notification.*.js$domain=~qudosbank.com.au",
    [
      1116754
    ]
  ],
  [
    "||notix.io^$third-party",
    [
      1116755
    ]
  ],
  [
    "||pushouse.com^$third-party",
    [
      1116756
    ]
  ],
  [
    "||yottlyscript.com/push/*",
    [
      1116757
    ]
  ],
  [
    "/wzrk_dialog.min.js",
    [
      1116758
    ]
  ],
  [
    "||gr-cdn-e.eu/*/push-notification^$script",
    [
      1116759
    ]
  ],
  [
    "||dengage.com^$third-party",
    [
      1116760
    ]
  ],
  [
    "/sw.js$domain=pinterest.com",
    [
      1116761
    ]
  ],
  [
    "/public/spartanien/js/sw_handler$domain=spartanien.de",
    [
      1116762
    ]
  ],
  [
    "/pushes/notification.js$domain=rt.com",
    [
      1116763
    ]
  ],
  [
    "/js/subscriber$domain=mitula.pt",
    [
      1116764
    ]
  ],
  [
    "/firebase.js$domain=alibaba.com",
    [
      1116765
    ]
  ],
  [
    "/sw.js$domain=1337x.is",
    [
      1116766
    ]
  ],
  [
    "/sw.js$domain=1337x.to",
    [
      1116767
    ]
  ],
  [
    "push-main.js$domain=ndtv.com",
    [
      1116768
    ]
  ],
  [
    "/js/adNotice.js$domain=hardwarezone.com.sg",
    [
      1116769
    ]
  ],
  [
    "/push/*$domain=tut.by",
    [
      1116770
    ]
  ],
  [
    "/firebase.min.js$domain=azoresgetaways.com",
    [
      1116771
    ]
  ],
  [
    "/firebase.js$domain=tribunavalladolid.com",
    [
      1116772
    ]
  ],
  [
    "client-.js$domain=hoerbuch.us",
    [
      1116773
    ]
  ],
  [
    "/js/a.js$domain=allevents.in",
    [
      1116774
    ]
  ],
  [
    "notifi.min.js$domain=antyradio.pl",
    [
      1116775
    ]
  ],
  [
    "/app.js$domain=lightinthebox.com",
    [
      1116776
    ]
  ],
  [
    "/min/js/sw/*$domain=sputniknews.com",
    [
      1116777
    ]
  ],
  [
    "/clientt.js$domain=cript.to",
    [
      1116778
    ]
  ],
  [
    "wsNotification.js$domain=wondershare.com",
    [
      1116779
    ]
  ],
  [
    "||tags.tiqcdn.com/utag$script,domain=national-lottery.co.uk",
    [
      1116780
    ]
  ],
  [
    "/notification-topics.js^$domain=winnipegfreepress.com",
    [
      1116781
    ]
  ],
  [
    "nebula-cdn.kampyle.com",
    [
      1116782
    ]
  ],
  [
    "||turbo.qualaroo.com/c.js$script",
    [
      1116783
    ]
  ],
  [
    "||scripts.psyma.com/layer_question$script",
    [
      1116784
    ]
  ],
  [
    "w.usabilla.com",
    [
      1116785
    ]
  ],
  [
    "||static.hotjar.com/c/hotjar$script",
    [
      1116786
    ]
  ],
  [
    "||scripts.psyma.com/html/layer/json_question.php$script",
    [
      1116787
    ]
  ],
  [
    "||visualwebsiteoptimizer.com/va_survey$script",
    [
      1116788
    ]
  ],
  [
    "gateway.answerscloud.com",
    [
      1116789
    ]
  ],
  [
    "st.getsitecontrol.com",
    [
      1116790
    ]
  ],
  [
    "||survey.g.doubleclick.net/survey$script",
    [
      1116791
    ]
  ],
  [
    "/opiniac.js",
    [
      1116792
    ]
  ],
  [
    "||ssl.ceneo.pl/shops/$script",
    [
      1116793
    ]
  ],
  [
    "||cloud.netquest.sk/scripts/widget$script",
    [
      1116794
    ]
  ],
  [
    "||storage.googleapis.com/outfox/ocs/surveys/$script",
    [
      1116795
    ]
  ],
  [
    "||kameleoon.eu/kameleoon.js$script",
    [
      1116796
    ]
  ],
  [
    "||invitation.opinionbar.com/wit/popups$script",
    [
      1116797
    ]
  ],
  [
    "||neads.delivery/opinion-seed-embed.js$script",
    [
      1116798
    ]
  ],
  [
    "||collect.mopinion.com/assets/surveys/$script",
    [
      1116799
    ]
  ],
  [
    "/runtimejs/dist/survey/js/survey.js$domain=~alchemer.eu",
    [
      1116800
    ]
  ],
  [
    "||surveygizmobeacon.s3.amazonaws.com/beaconconfigs/$script",
    [
      1116801
    ]
  ],
  [
    "||cpx.smind.hr/Log/LogData$script",
    [
      1116802
    ]
  ],
  [
    "||widget.surveymonkey.com/collect$script,domain=~onboarding.italki.com",
    [
      1116803
    ]
  ],
  [
    "||cdn.feedbackify.com/f.js$script",
    [
      1116804
    ]
  ],
  [
    "||invitation.opinionbar.com/popups$script",
    [
      1116805
    ]
  ],
  [
    "/bundles/Scripts/OpinionLab.js",
    [
      1116806
    ]
  ],
  [
    "||survey.nuggad.net/c/layer-html$script",
    [
      1116807
    ]
  ],
  [
    "||ips-invite.iperceptions.com/invitations$script",
    [
      1116808
    ]
  ],
  [
    "/oo_engine.min.js",
    [
      1116809
    ]
  ],
  [
    "||userzoom.com/feedback$script",
    [
      1116810
    ]
  ],
  [
    "||invite.leanlab.co/invite/invite.js$script",
    [
      1116811
    ]
  ],
  [
    "||userreport.com/newsquest/launcher.js$script",
    [
      1116812
    ]
  ],
  [
    "siteintercept.qualtrics.com",
    [
      1116813
    ]
  ],
  [
    "||sandsiv.com/digi_runner.js?surveyId$script",
    [
      1116814
    ]
  ],
  [
    "||digitalfeedback.euro.confirmit.com/api$script",
    [
      1116815
    ]
  ],
  [
    "||taskanalytics.com/tm.js$script",
    [
      1116816
    ]
  ],
  [
    "popup.designtutkimus.fi",
    [
      1116817
    ]
  ],
  [
    "||guitaretab.com/static/js/hats$script",
    [
      1116818
    ]
  ],
  [
    "/v1/survey_invite.min.js",
    [
      1116819
    ]
  ],
  [
    "||app.alpheid.com/js/marketing_automation$script",
    [
      1116820
    ]
  ],
  [
    "||siteimproveanalytics.com/js/siteanalyze$script",
    [
      1116821
    ]
  ],
  [
    "||cdn.judge.me/shopify_v2.js$script",
    [
      1116822
    ]
  ],
  [
    "||static.yourcx.io/customers$script",
    [
      1116823
    ]
  ],
  [
    "||webankieta.pl/scripts/widget$script",
    [
      1116824
    ]
  ],
  [
    "popin.survey-xact.dk",
    [
      1116825
    ]
  ],
  [
    "||myaudience.de/sv/rifflejs.php$script",
    [
      1116826
    ]
  ],
  [
    "||survey.survicate.com/workspaces$script",
    [
      1116827
    ]
  ],
  [
    "||tryinteract.com/promotions/init.js$script",
    [
      1116828
    ]
  ],
  [
    "||scripts.psyma.com/scripts$script",
    [
      1116829
    ]
  ],
  [
    "||surveygizmo.eu/runtimejs/intercept$script",
    [
      1116830
    ]
  ],
  [
    "widgets.opinary.com",
    [
      1116831
    ]
  ],
  [
    "||uxfeedback.ru/widget.js$script",
    [
      1116832
    ]
  ],
  [
    "||e-satisfaction.com/dist/js/integration$script",
    [
      1116833
    ]
  ],
  [
    "||gateway.foresee.com$third-party",
    [
      1116834
    ]
  ],
  [
    "/vendor/opinionlab/*$domain=lenovo.com",
    [
      1116835
    ]
  ],
  [
    "survey.js$domain=medier24.no",
    [
      1116836
    ]
  ],
  [
    "/components-nps-survey$domain=spanishdict.com",
    [
      1116837
    ]
  ],
  [
    "ExitIntentModal.js$domain=stepstone.de",
    [
      1116838
    ]
  ],
  [
    "/surveys/*$domain=europa.eu",
    [
      1116839
    ]
  ],
  [
    "||visitor.reactful.com/dist/main$script",
    [
      1116840
    ]
  ],
  [
    "/popup/puppy.js$domain=sueddeutsche.de",
    [
      1116841
    ]
  ],
  [
    "||userreport.com/aperitif/launcher.js",
    [
      1116842
    ]
  ],
  [
    "||apps.veedio.it/js/videobox$script",
    [
      1116843
    ]
  ],
  [
    "/responsive-player/video-feature-sticky.js",
    [
      1116844
    ]
  ],
  [
    "||s-pt.ppstatic.pl/p/js/regionalne/plywajace_wideo.js$script",
    [
      1116845
    ]
  ],
  [
    "/js/compiled/atoms/article/sticky-video.js",
    [
      1116846
    ]
  ],
  [
    "||sdk.digitalbees.it/jssdk.js$script",
    [
      1116847
    ]
  ],
  [
    "||live.sekindo.com/live/liveView.php$script",
    [
      1116848
    ]
  ],
  [
    "||c.jsrdn.com/s/cs.js$script",
    [
      1116849
    ]
  ],
  [
    "||playwire.com/plugins/docky.min.js$script",
    [
      1116850
    ]
  ],
  [
    "||cdn.connatix.com/min/connatix.renderer.infeed.min.js$script",
    [
      1116851
    ]
  ],
  [
    "||ultimedia.com/api/widget/smart$script",
    [
      1116852
    ]
  ],
  [
    "||stream.playbuzz.com/embed/sdk.js$script",
    [
      1116853
    ]
  ],
  [
    "||delivery.youplay.se/load.js$script",
    [
      1116854
    ]
  ],
  [
    "embed.sendtonews.com",
    [
      1116855
    ]
  ],
  [
    "/wp-content/plugins/pmc-plugins/pmc-adm/*",
    [
      1116856
    ]
  ],
  [
    "||services.brid.tv/player$script",
    [
      1116857
    ]
  ],
  [
    "||mgid.com/js/wglibs/mgWidget$script",
    [
      1116858
    ]
  ],
  [
    "/stn-player.js$domain=titantv.com",
    [
      1116859
    ]
  ],
  [
    "||vplayer.enthusiastgaming.com/player/build/plugins/slideinview/*",
    [
      1116860
    ]
  ],
  [
    "/mol-adverts-delayed.js$domain=dailymail.co.uk",
    [
      1116861
    ]
  ],
  [
    "/twocol_article_autoplay/*$domain=belfasttelegraph.co.uk",
    [
      1116862
    ]
  ],
  [
    "players.brightcove.net$domain=uproxx.com",
    [
      1116863
    ]
  ],
  [
    "/coronaWidget5/*$domain=ibtimes.sg",
    [
      1116864
    ]
  ]
]