[
  [
    "-facebook-likeButton-",
    [
      52043
    ]
  ],
  [
    "-facebook-share.",
    [
      52044
    ]
  ],
  [
    "-facebook-widget.",
    [
      52045
    ]
  ],
  [
    "-follow-icon-",
    [
      52046
    ]
  ],
  [
    "-follow-icons.",
    [
      52047
    ]
  ],
  [
    "-follow-us-icons.",
    [
      52048
    ]
  ],
  [
    "-followicons.",
    [
      52049
    ]
  ],
  [
    "-share-bar/$~stylesheet",
    [
      52050
    ]
  ],
  [
    "-share-buttons2.",
    [
      52051
    ]
  ],
  [
    "-share-buttons3/$~stylesheet",
    [
      52052
    ]
  ],
  [
    "-share-sprite-",
    [
      52053
    ]
  ],
  [
    "-share-sprite.",
    [
      52054
    ]
  ],
  [
    "-share-tools-",
    [
      52055
    ]
  ],
  [
    "-sharebar-",
    [
      52056
    ]
  ],
  [
    "-sharebar.",
    [
      52057
    ]
  ],
  [
    "-ShareButton2.",
    [
      52058
    ]
  ],
  [
    "-sharebuttons_",
    [
      52059
    ]
  ],
  [
    "-sharetools-",
    [
      52060
    ]
  ],
  [
    "-shareWidget.",
    [
      52061
    ]
  ],
  [
    "-slide-social-",
    [
      52062
    ]
  ],
  [
    "-social-panel.",
    [
      52063
    ]
  ],
  [
    "-social-panel/",
    [
      52064
    ]
  ],
  [
    "-social-sidebar.",
    [
      52065
    ]
  ],
  [
    "-Social-Sidebar/",
    [
      52066
    ]
  ],
  [
    "-social-slider/",
    [
      52067
    ]
  ],
  [
    "-sprite-social-",
    [
      52068
    ]
  ],
  [
    ".fbshare.js",
    [
      52069
    ]
  ],
  [
    ".sharebar.js",
    [
      52070
    ]
  ],
  [
    ".sharing.js",
    [
      52071
    ]
  ],
  [
    "/a2a_share_",
    [
      52072
    ]
  ],
  [
    "/accesspress-social-counter/*",
    [
      52073
    ]
  ],
  [
    "/add-mymsn2.gif",
    [
      52074
    ]
  ],
  [
    "/addthis_widget.js",
    [
      52075
    ]
  ],
  [
    "/addtoany.min.js",
    [
      52076
    ]
  ],
  [
    "/advanced-social-widget.js",
    [
      52077
    ]
  ],
  [
    "/article-social/*",
    [
      52078
    ]
  ],
  [
    "/ashare.js",
    [
      52079
    ]
  ],
  [
    "/ayoshare.js",
    [
      52080
    ]
  ],
  [
    "/badge_twitter.jpg",
    [
      52081
    ]
  ],
  [
    "/badge_twitter.png",
    [
      52082
    ]
  ],
  [
    "/banner-social.jpg",
    [
      52083
    ]
  ],
  [
    "/banner-social.png",
    [
      52084
    ]
  ],
  [
    "/banner/social/*",
    [
      52085
    ]
  ],
  [
    "/bottom-facebook.jpg",
    [
      52086
    ]
  ],
  [
    "/bottom-facebook.png",
    [
      52087
    ]
  ],
  [
    "/bottom-twitter.jpg",
    [
      52088
    ]
  ],
  [
    "/bottom-twitter.png",
    [
      52089
    ]
  ],
  [
    "/button_share.png",
    [
      52090
    ]
  ],
  [
    "/cevhershare.js",
    [
      52091
    ]
  ],
  [
    "/common/sns/*",
    [
      52092
    ]
  ],
  [
    "/common/sns_",
    [
      52093
    ]
  ],
  [
    "/commons/social/*",
    [
      52094
    ]
  ],
  [
    "/commonSprites/social/*",
    [
      52095
    ]
  ],
  [
    "/cool-share/plugin.js",
    [
      52096
    ]
  ],
  [
    "/diggdigg-floating-bar.js",
    [
      52097
    ]
  ],
  [
    "/ej-socialslider/static/slideout.js",
    [
      52098
    ]
  ],
  [
    "/facebook-page-promoter-lightbox/includes/launch/launch.min.js",
    [
      52099
    ]
  ],
  [
    "/facebook-pagelike-widget/fb.js",
    [
      52100
    ]
  ],
  [
    "/facebook-popup-",
    [
      52101
    ]
  ],
  [
    "/facebook-side.jpg",
    [
      52102
    ]
  ],
  [
    "/facebook-side.png",
    [
      52103
    ]
  ],
  [
    "/facebook-vertical.png",
    [
      52104
    ]
  ],
  [
    "/facebook-vertical.svg",
    [
      52105
    ]
  ],
  [
    "/facebook_badge.gif",
    [
      52106
    ]
  ],
  [
    "/facebook_badge.jpg",
    [
      52107
    ]
  ],
  [
    "/facebook_badge.png",
    [
      52108
    ]
  ],
  [
    "/facebook_footer.png",
    [
      52109
    ]
  ],
  [
    "/facebook_footer.svg",
    [
      52110
    ]
  ],
  [
    "/facebook_like_button.png",
    [
      52111
    ]
  ],
  [
    "/facebook_sidebar.jpg",
    [
      52112
    ]
  ],
  [
    "/facebook_sidebar.png",
    [
      52113
    ]
  ],
  [
    "/facebook_sidebar.svg",
    [
      52114
    ]
  ],
  [
    "/facebook_social.png",
    [
      52115
    ]
  ],
  [
    "/facebook_top_icon.png",
    [
      52116
    ]
  ],
  [
    "/facebookbadge.gif",
    [
      52117
    ]
  ],
  [
    "/facebookbadge.jpg",
    [
      52118
    ]
  ],
  [
    "/facebookbadge.png",
    [
      52119
    ]
  ],
  [
    "/facebookBtmIcon.gif",
    [
      52120
    ]
  ],
  [
    "/facebookHeader.png",
    [
      52121
    ]
  ],
  [
    "/facebooksharebutton.png",
    [
      52122
    ]
  ],
  [
    "/facebooksocialplugins.js",
    [
      52123
    ]
  ],
  [
    "/facebooksquare.jpg",
    [
      52124
    ]
  ],
  [
    "/facebooksquare.png",
    [
      52125
    ]
  ],
  [
    "/facebooktrafficdriver.min.js",
    [
      52126
    ]
  ],
  [
    "/facebookwidget.js",
    [
      52127
    ]
  ],
  [
    "/fb-like-pop.js",
    [
      52128
    ]
  ],
  [
    "/fb-pixel.js",
    [
      52129
    ]
  ],
  [
    "/fb-traffic-pop.css",
    [
      52130
    ]
  ],
  [
    "/fb-traffic-pop.min.js",
    [
      52131
    ]
  ],
  [
    "/fb-widget.jpg",
    [
      52132
    ]
  ],
  [
    "/fb-widget.js",
    [
      52133
    ]
  ],
  [
    "/fb-widget.png",
    [
      52134
    ]
  ],
  [
    "/fb_modeles.css",
    [
      52135
    ]
  ],
  [
    "/fb_side.jpg",
    [
      52136
    ]
  ],
  [
    "/fb_side.png",
    [
      52137
    ]
  ],
  [
    "/fbfooter.png",
    [
      52138
    ]
  ],
  [
    "/fbfooter.svg",
    [
      52139
    ]
  ],
  [
    "/fbpop.js",
    [
      52140
    ]
  ],
  [
    "/fbshare.jpg",
    [
      52141
    ]
  ],
  [
    "/fbshare.js",
    [
      52142
    ]
  ],
  [
    "/fbshare.png",
    [
      52143
    ]
  ],
  [
    "/fbshare2.jpg",
    [
      52144
    ]
  ],
  [
    "/fbshare2.png",
    [
      52145
    ]
  ],
  [
    "/floating-social-bar/js/fsb.js",
    [
      52146
    ]
  ],
  [
    "/floating-wpp.min.js",
    [
      52147
    ]
  ],
  [
    "/flw-twitter.png",
    [
      52148
    ]
  ],
  [
    "/follow-linkedin.jpg",
    [
      52149
    ]
  ],
  [
    "/follow-twitter-",
    [
      52150
    ]
  ],
  [
    "/follow-twitter.",
    [
      52151
    ]
  ],
  [
    "/follow-us.$~stylesheet",
    [
      52152
    ]
  ],
  [
    "/follow-widget.js",
    [
      52153
    ]
  ],
  [
    "/follow_instagram.png",
    [
      52154
    ]
  ],
  [
    "/followusontwitter.jpg",
    [
      52155
    ]
  ],
  [
    "/followusontwitter.png",
    [
      52156
    ]
  ],
  [
    "/gadgets/Social/*",
    [
      52157
    ]
  ],
  [
    "/gallery/social/*$image",
    [
      52158
    ]
  ],
  [
    "/gen-share-master/assets/js/frontend/application.min.js",
    [
      52159
    ]
  ],
  [
    "/gfx/socials/*",
    [
      52160
    ]
  ],
  [
    "/gigya-socialize-for-wordpress/*$~script,~stylesheet",
    [
      52161
    ]
  ],
  [
    "/gm-button-social.min.js",
    [
      52162
    ]
  ],
  [
    "/graphics/share/*",
    [
      52163
    ]
  ],
  [
    "/Handlers/Sharrre.ashx?",
    [
      52164
    ]
  ],
  [
    "/header_socials.png",
    [
      52165
    ]
  ],
  [
    "/highlight-and-share.js",
    [
      52166
    ]
  ],
  [
    "/icon_share_",
    [
      52167
    ]
  ],
  [
    "/icon_sns_",
    [
      52168
    ]
  ],
  [
    "/images/social_black/*",
    [
      52169
    ]
  ],
  [
    "/itpsocialbuttons/images/*",
    [
      52170
    ]
  ],
  [
    "/itpsocialbuttons/style.css",
    [
      52171
    ]
  ],
  [
    "/Javascripts/Social.js",
    [
      52172
    ]
  ],
  [
    "/jiathis_share.css",
    [
      52173
    ]
  ],
  [
    "/jinda-facebook-lightbox/public/*",
    [
      52174
    ]
  ],
  [
    "/jquery-pin-it-button-for-images/js/jpibfi.client.js",
    [
      52175
    ]
  ],
  [
    "/jquery.shareaholic-publishers-sb.min.js",
    [
      52176
    ]
  ],
  [
    "/jquery.sharecount.min.js",
    [
      52177
    ]
  ],
  [
    "/jquery.stp.min.js",
    [
      52178
    ]
  ],
  [
    "/juiz-social-post-sharer-2.min.css",
    [
      52179
    ]
  ],
  [
    "/juiz-social-post-sharer-6.min.css",
    [
      52180
    ]
  ],
  [
    "/juiz-social-post-sharer.min.js",
    [
      52181
    ]
  ],
  [
    "/jumboShare.js",
    [
      52182
    ]
  ],
  [
    "/lg-share.js",
    [
      52183
    ]
  ],
  [
    "/like_button.js",
    [
      52184
    ]
  ],
  [
    "/like_button.png",
    [
      52185
    ]
  ],
  [
    "/likebox.php",
    [
      52186
    ]
  ],
  [
    "/likefacebook.jpg",
    [
      52187
    ]
  ],
  [
    "/likefacebook.png",
    [
      52188
    ]
  ],
  [
    "/likegate.js",
    [
      52189
    ]
  ],
  [
    "/likesScript.js",
    [
      52190
    ]
  ],
  [
    "/mod/socialbookmark/*",
    [
      52191
    ]
  ],
  [
    "/mod_socialmedialinks/icons/*",
    [
      52192
    ]
  ],
  [
    "/mod_socialmedialinks/style.css",
    [
      52193
    ]
  ],
  [
    "/mod_socialslider/tmpl/*",
    [
      52194
    ]
  ],
  [
    "/myshare/assets/js/*",
    [
      52195
    ]
  ],
  [
    "/needsharebutton.js",
    [
      52196
    ]
  ],
  [
    "/needsharebutton.min.css",
    [
      52197
    ]
  ],
  [
    "/o3-social-share-styles.css",
    [
      52198
    ]
  ],
  [
    "/oss_share.js",
    [
      52199
    ]
  ],
  [
    "/overlayShare.js",
    [
      52200
    ]
  ],
  [
    "/pandalocker.$script",
    [
      52201
    ]
  ],
  [
    "/pin_it_button.png",
    [
      52202
    ]
  ],
  [
    "/pinit-button.png",
    [
      52203
    ]
  ],
  [
    "/pinit.html?",
    [
      52204
    ]
  ],
  [
    "/pinterest-footer-icon.png",
    [
      52205
    ]
  ],
  [
    "/pinterest-footer-icon.svg",
    [
      52206
    ]
  ],
  [
    "/pinterest-footer-svg.ashx",
    [
      52207
    ]
  ],
  [
    "/pinterest-footer.ashx",
    [
      52208
    ]
  ],
  [
    "/pinterest-for-woocommerce-save-button.min.js",
    [
      52209
    ]
  ],
  [
    "/pinterest-for-woocommerce-tracking.min.js",
    [
      52210
    ]
  ],
  [
    "/pinterest-over.jpg",
    [
      52211
    ]
  ],
  [
    "/pinterest-over.png",
    [
      52212
    ]
  ],
  [
    "/pinterest_tag.js",
    [
      52213
    ]
  ],
  [
    "/pintrest-button.png",
    [
      52214
    ]
  ],
  [
    "/plugins/add-to-any-subscribe/subscribe_",
    [
      52215
    ]
  ],
  [
    "/plugins/add-to-any/addtoany.min.js",
    [
      52216
    ]
  ],
  [
    "/plugins/anmiated-twitter-bird/js/tripleflap.js",
    [
      52217
    ]
  ],
  [
    "/plugins/bookmarkify/*",
    [
      52218
    ]
  ],
  [
    "/plugins/delicious-bookmark-button/delit.js",
    [
      52219
    ]
  ],
  [
    "/plugins/dpSocialShare/js/jquery.dpSocialShare.js",
    [
      52220
    ]
  ],
  [
    "/plugins/easy-facebook-likebox/*",
    [
      52221
    ]
  ],
  [
    "/plugins/easy-twitter-feeds/public/js/widget.js",
    [
      52222
    ]
  ],
  [
    "/plugins/facebook-button-plugin/js/script.js",
    [
      52223
    ]
  ],
  [
    "/plugins/facebook-fanbox-popup/assets/js/spu.js",
    [
      52224
    ]
  ],
  [
    "/plugins/facebook-like-content-locker/js/pop.js",
    [
      52225
    ]
  ],
  [
    "/plugins/facebook-page-promoter-$~stylesheet",
    [
      52226
    ]
  ],
  [
    "/plugins/facebookpopuppro/js/facebookpopup.js",
    [
      52227
    ]
  ],
  [
    "/plugins/getsocial/lib/getsocial.js",
    [
      52228
    ]
  ],
  [
    "/plugins/knxdt-bookmarks-wordpress-plugin/css/style.css",
    [
      52229
    ]
  ],
  [
    "/plugins/light-social/*$~stylesheet",
    [
      52230
    ]
  ],
  [
    "/plugins/like-box-pro/includes/javascript/front_end_js.js",
    [
      52231
    ]
  ],
  [
    "/plugins/like-fb/js/popup.js",
    [
      52232
    ]
  ],
  [
    "/plugins/mashsharer/assets/js/mashsb.min.js",
    [
      52233
    ]
  ],
  [
    "/plugins/osd-social-media-sharing/includes/style.css",
    [
      52234
    ]
  ],
  [
    "/plugins/pinterest-pin-it-button-on-image-hover-and-post/js/pinit.js",
    [
      52235
    ]
  ],
  [
    "/plugins/rtsocial/js/rtss-main.js",
    [
      52236
    ]
  ],
  [
    "/plugins/share-and-follow/*$image",
    [
      52237
    ]
  ],
  [
    "/plugins/share-social/icons/*$image",
    [
      52238
    ]
  ],
  [
    "/plugins/simple-social-sharing-widgets-icons/*$~stylesheet",
    [
      52239
    ]
  ],
  [
    "/plugins/slick-social-share-buttons/*",
    [
      52240
    ]
  ],
  [
    "/plugins/slide-in/js/wdsi.js",
    [
      52241
    ]
  ],
  [
    "/plugins/sme-facebook-likebox-sidebar/*",
    [
      52242
    ]
  ],
  [
    "/plugins/sociable-re/images/*",
    [
      52243
    ]
  ],
  [
    "/plugins/sociable/*$~stylesheet",
    [
      52244
    ]
  ],
  [
    "/plugins/social-media-widget/*$image",
    [
      52245
    ]
  ],
  [
    "/plugins/social-profiles-widget/*$image",
    [
      52246
    ]
  ],
  [
    "/plugins/socialbox/assets/*",
    [
      52247
    ]
  ],
  [
    "/plugins/socialfans-counter/assets/js/socialfans-script.js",
    [
      52248
    ]
  ],
  [
    "/plugins/socialgrid/static/img/*",
    [
      52249
    ]
  ],
  [
    "/plugins/sociallocker-next-premium/*",
    [
      52250
    ]
  ],
  [
    "/plugins/StickySocialBar/js/sharefront.js",
    [
      52251
    ]
  ],
  [
    "/plugins/subscribe-connect-follow-widget/images/*",
    [
      52252
    ]
  ],
  [
    "/plugins/tweet-this/icons/*",
    [
      52253
    ]
  ],
  [
    "/plugins/tweetmeme/button.js",
    [
      52254
    ]
  ],
  [
    "/plugins/ultimate-follow-me/*",
    [
      52255
    ]
  ],
  [
    "/plugins/ultimate-social-deux/public/assets/js/min/us.script-min.js",
    [
      52256
    ]
  ],
  [
    "/plugins/viperbar/client/js/front.js",
    [
      52257
    ]
  ],
  [
    "/plugins/wordpress-social-ring/*",
    [
      52258
    ]
  ],
  [
    "/plugins/wp-plus-one/wp-plus-one.js",
    [
      52259
    ]
  ],
  [
    "/plugins/wp-social-toolbar-pro/js/corescripts.js",
    [
      52260
    ]
  ],
  [
    "/plugins/wp-tweet-button/tweetn.png",
    [
      52261
    ]
  ],
  [
    "/prisna-social-counter.css",
    [
      52262
    ]
  ],
  [
    "/qa-social-share.css",
    [
      52263
    ]
  ],
  [
    "/Resources/twitter-$~xmlhttprequest",
    [
      52264
    ]
  ],
  [
    "/rrshare.js",
    [
      52265
    ]
  ],
  [
    "/s9-social-sharing-front.css",
    [
      52266
    ]
  ],
  [
    "/scrollShareMenu.html",
    [
      52267
    ]
  ],
  [
    "/share-bar-1.min.js",
    [
      52268
    ]
  ],
  [
    "/share-bar/build/index.js",
    [
      52269
    ]
  ],
  [
    "/share-bar/share-bar.js",
    [
      52270
    ]
  ],
  [
    "/share-button?",
    [
      52271
    ]
  ],
  [
    "/share-controller.js",
    [
      52272
    ]
  ],
  [
    "/share-controller.min.js",
    [
      52273
    ]
  ],
  [
    "/share-leadoff-public.js",
    [
      52274
    ]
  ],
  [
    "/share-on-diaspora-css.php",
    [
      52275
    ]
  ],
  [
    "/share.php?buttons=",
    [
      52276
    ]
  ],
  [
    "/share/count?",
    [
      52277
    ]
  ],
  [
    "/share/footer/*",
    [
      52278
    ]
  ],
  [
    "/share/frame/*",
    [
      52279
    ]
  ],
  [
    "/share42.js",
    [
      52280
    ]
  ],
  [
    "/share_button?",
    [
      52281
    ]
  ],
  [
    "/share_count.js",
    [
      52282
    ]
  ],
  [
    "/share_iframe.js",
    [
      52283
    ]
  ],
  [
    "/share_popup.js",
    [
      52284
    ]
  ],
  [
    "/share_sprite.png",
    [
      52285
    ]
  ],
  [
    "/share_toolbar.js",
    [
      52286
    ]
  ],
  [
    "/share_view.js",
    [
      52287
    ]
  ],
  [
    "/share_wechat.jpg",
    [
      52288
    ]
  ],
  [
    "/share_wechat.png",
    [
      52289
    ]
  ],
  [
    "/share_weibo.jpg",
    [
      52290
    ]
  ],
  [
    "/share_weibo.png",
    [
      52291
    ]
  ],
  [
    "/shareaholic.js",
    [
      52292
    ]
  ],
  [
    "/shareArrow.png",
    [
      52293
    ]
  ],
  [
    "/sharebar.js",
    [
      52294
    ]
  ],
  [
    "/shareBar/*",
    [
      52295
    ]
  ],
  [
    "/sharebars/*",
    [
      52296
    ]
  ],
  [
    "/shareBtn_",
    [
      52297
    ]
  ],
  [
    "/sharebutton?",
    [
      52298
    ]
  ],
  [
    "/sharecount/*",
    [
      52299
    ]
  ],
  [
    "/sharecounter?",
    [
      52300
    ]
  ],
  [
    "/sharecounts/*",
    [
      52301
    ]
  ],
  [
    "/shared-social-",
    [
      52302
    ]
  ],
  [
    "/shared/btn_",
    [
      52303
    ]
  ],
  [
    "/shared/social/*",
    [
      52304
    ]
  ],
  [
    "/sharedaddy.js",
    [
      52305
    ]
  ],
  [
    "/sharedaddy/sharing.min.js",
    [
      52306
    ]
  ],
  [
    "/shareFacebook.jpg",
    [
      52307
    ]
  ],
  [
    "/shareFacebook.png",
    [
      52308
    ]
  ],
  [
    "/Sharefb.jpg",
    [
      52309
    ]
  ],
  [
    "/Sharefb.png",
    [
      52310
    ]
  ],
  [
    "/sharefb_icon.png",
    [
      52311
    ]
  ],
  [
    "/shareicon-branding-",
    [
      52312
    ]
  ],
  [
    "/shareIcons.$~stylesheet",
    [
      52313
    ]
  ],
  [
    "/shareit.js",
    [
      52314
    ]
  ],
  [
    "/shareon.iife.js",
    [
      52315
    ]
  ],
  [
    "/shareon.min.css",
    [
      52316
    ]
  ],
  [
    "/sharer.js",
    [
      52317
    ]
  ],
  [
    "/sharethis-buttons.js",
    [
      52318
    ]
  ],
  [
    "/sharethis.js",
    [
      52319
    ]
  ],
  [
    "/shareThisIcons.png",
    [
      52320
    ]
  ],
  [
    "/sharetool.php?",
    [
      52321
    ]
  ],
  [
    "/shareTools.js",
    [
      52322
    ]
  ],
  [
    "/shareTT.js",
    [
      52323
    ]
  ],
  [
    "/Sharetw.png",
    [
      52324
    ]
  ],
  [
    "/sharetw_icon.png",
    [
      52325
    ]
  ],
  [
    "/shareTwitter.jpg",
    [
      52326
    ]
  ],
  [
    "/shareTwitter.png",
    [
      52327
    ]
  ],
  [
    "/shariff.complete.js",
    [
      52328
    ]
  ],
  [
    "/shariff.min.js",
    [
      52329
    ]
  ],
  [
    "/sharing/sprites/*",
    [
      52330
    ]
  ],
  [
    "/sharing_icons/*",
    [
      52331
    ]
  ],
  [
    "/shrMain.min.js",
    [
      52332
    ]
  ],
  [
    "/sidebar-facebook-",
    [
      52333
    ]
  ],
  [
    "/sidebar-follow.png",
    [
      52334
    ]
  ],
  [
    "/sidebar-pinterest-",
    [
      52335
    ]
  ],
  [
    "/sidebar-twitter.png",
    [
      52336
    ]
  ],
  [
    "/sidebar_facebook.png",
    [
      52337
    ]
  ],
  [
    "/sidebar_twitter.png",
    [
      52338
    ]
  ],
  [
    "/silicon-counters.js",
    [
      52339
    ]
  ],
  [
    "/simple-share-$~stylesheet",
    [
      52340
    ]
  ],
  [
    "/simple-social-sharing/*$image",
    [
      52341
    ]
  ],
  [
    "/simpleshare.js",
    [
      52342
    ]
  ],
  [
    "/sm-share-",
    [
      52343
    ]
  ],
  [
    "/sme-facebook-likebox-sidebar/*",
    [
      52344
    ]
  ],
  [
    "/sns_naverband.png",
    [
      52345
    ]
  ],
  [
    "/social-bar.js",
    [
      52346
    ]
  ],
  [
    "/social-footer.jpg",
    [
      52347
    ]
  ],
  [
    "/social-footer.png",
    [
      52348
    ]
  ],
  [
    "/social-proof-testimonials-slider/admin/js/slick-block-editor.js",
    [
      52349
    ]
  ],
  [
    "/Social-Sidebar.js",
    [
      52350
    ]
  ],
  [
    "/social-twit.png",
    [
      52351
    ]
  ],
  [
    "/social-twit.svg",
    [
      52352
    ]
  ],
  [
    "/social-url-generator.js",
    [
      52353
    ]
  ],
  [
    "/social-url-generator.minc.js",
    [
      52354
    ]
  ],
  [
    "/social-widgets-",
    [
      52355
    ]
  ],
  [
    "/social/sprite-",
    [
      52356
    ]
  ],
  [
    "/social2s.min.js",
    [
      52357
    ]
  ],
  [
    "/social_balloon-",
    [
      52358
    ]
  ],
  [
    "/social_bookmarking.png",
    [
      52359
    ]
  ],
  [
    "/social_bookmarking/*$image",
    [
      52360
    ]
  ],
  [
    "/social_bookmarks/*",
    [
      52361
    ]
  ],
  [
    "/social_footer.png",
    [
      52362
    ]
  ],
  [
    "/social_header.jpg",
    [
      52363
    ]
  ],
  [
    "/social_header.png",
    [
      52364
    ]
  ],
  [
    "/social_popup.js",
    [
      52365
    ]
  ],
  [
    "/social_widget.js",
    [
      52366
    ]
  ],
  [
    "/socialappsintegrator.",
    [
      52367
    ]
  ],
  [
    "/socialbar-sso.js",
    [
      52368
    ]
  ],
  [
    "/socialbar.js",
    [
      52369
    ]
  ],
  [
    "/socialbar.php",
    [
      52370
    ]
  ],
  [
    "/socialbookmarkerbot_images/*",
    [
      52371
    ]
  ],
  [
    "/socialbookmarks.js",
    [
      52372
    ]
  ],
  [
    "/socialcount.js",
    [
      52373
    ]
  ],
  [
    "/socialcount.min.js",
    [
      52374
    ]
  ],
  [
    "/socialfooter.js",
    [
      52375
    ]
  ],
  [
    "/socialite.js",
    [
      52376
    ]
  ],
  [
    "/socialite.min.js",
    [
      52377
    ]
  ],
  [
    "/socialize/library.js",
    [
      52378
    ]
  ],
  [
    "/socialMediaButtons.png",
    [
      52379
    ]
  ],
  [
    "/SocialMediaButtons/tracking.js",
    [
      52380
    ]
  ],
  [
    "/socialmediasprite.png",
    [
      52381
    ]
  ],
  [
    "/socialnetwork-buttons/*",
    [
      52382
    ]
  ],
  [
    "/socialplugins/*",
    [
      52383
    ]
  ],
  [
    "/SocialSharePlugin.js",
    [
      52384
    ]
  ],
  [
    "/SocialSharePlugin.png",
    [
      52385
    ]
  ],
  [
    "/socialshares.js",
    [
      52386
    ]
  ],
  [
    "/socialsite/*",
    [
      52387
    ]
  ],
  [
    "/socialSmall/*",
    [
      52388
    ]
  ],
  [
    "/SocialSprite.",
    [
      52389
    ]
  ],
  [
    "/socialsprites.",
    [
      52390
    ]
  ],
  [
    "/socialstat?",
    [
      52391
    ]
  ],
  [
    "/socialtwitter1.png",
    [
      52392
    ]
  ],
  [
    "/socialwd/*",
    [
      52393
    ]
  ],
  [
    "/sociofluid/*$~script,~stylesheet",
    [
      52394
    ]
  ],
  [
    "/squaresocial-",
    [
      52395
    ]
  ],
  [
    "/stocktwits_share.png",
    [
      52396
    ]
  ],
  [
    "/synved-social/image/*",
    [
      52397
    ]
  ],
  [
    "/tabs/social/*",
    [
      52398
    ]
  ],
  [
    "/tarful-share-public.js",
    [
      52399
    ]
  ],
  [
    "/tools/newSideShare/*",
    [
      52400
    ]
  ],
  [
    "/tweet_footer.png",
    [
      52401
    ]
  ],
  [
    "/twfooter.png",
    [
      52402
    ]
  ],
  [
    "/twitbadge.jpg",
    [
      52403
    ]
  ],
  [
    "/twitter-follow-",
    [
      52404
    ]
  ],
  [
    "/twitter-footer-",
    [
      52405
    ]
  ],
  [
    "/twitter-v2.jpg",
    [
      52406
    ]
  ],
  [
    "/twitter-v2.png",
    [
      52407
    ]
  ],
  [
    "/twitter-widget.jpg",
    [
      52408
    ]
  ],
  [
    "/twitter-widget.png",
    [
      52409
    ]
  ],
  [
    "/twitter_badge.png",
    [
      52410
    ]
  ],
  [
    "/twitter_follow.jpg",
    [
      52411
    ]
  ],
  [
    "/twitter_follow.png",
    [
      52412
    ]
  ],
  [
    "/twitter_footer.jpg",
    [
      52413
    ]
  ],
  [
    "/twitter_footer.png",
    [
      52414
    ]
  ],
  [
    "/twitter_header.jpg",
    [
      52415
    ]
  ],
  [
    "/twitter_header.png",
    [
      52416
    ]
  ],
  [
    "/twitter_square.png",
    [
      52417
    ]
  ],
  [
    "/twitter_square.svg",
    [
      52418
    ]
  ],
  [
    "/twitterbadge.png",
    [
      52419
    ]
  ],
  [
    "/twitterfloat.js",
    [
      52420
    ]
  ],
  [
    "/twitterfollow.jpg",
    [
      52421
    ]
  ],
  [
    "/twitterfollow.png",
    [
      52422
    ]
  ],
  [
    "/twitterlib.js",
    [
      52423
    ]
  ],
  [
    "/twitteron.jpg",
    [
      52424
    ]
  ],
  [
    "/twitteron.png",
    [
      52425
    ]
  ],
  [
    "/twittersquare.png",
    [
      52426
    ]
  ],
  [
    "/videojs-share.js",
    [
      52427
    ]
  ],
  [
    "/viewboxTraffic_min.js",
    [
      52428
    ]
  ],
  [
    "/visual/social/*",
    [
      52429
    ]
  ],
  [
    "/vk_button.jpg",
    [
      52430
    ]
  ],
  [
    "/vk_button.png",
    [
      52431
    ]
  ],
  [
    "/weiboshare.html",
    [
      52432
    ]
  ],
  [
    "/whatsapp-button.js",
    [
      52433
    ]
  ],
  [
    "/whatsapp_button.php",
    [
      52434
    ]
  ],
  [
    "/whatsapp_icon.png",
    [
      52435
    ]
  ],
  [
    "/whatsappblogger.js",
    [
      52436
    ]
  ],
  [
    "/whatsappshare.jpg",
    [
      52437
    ]
  ],
  [
    "/whatsappshare.js",
    [
      52438
    ]
  ],
  [
    "/widget/share?",
    [
      52439
    ]
  ],
  [
    "/widget/share_",
    [
      52440
    ]
  ],
  [
    "/widgets/sharing-",
    [
      52441
    ]
  ],
  [
    "/widgets/socials/*",
    [
      52442
    ]
  ],
  [
    "/widgets/twitter/*",
    [
      52443
    ]
  ],
  [
    "/wordpress-popup/*$domain=ahchealthenews.com",
    [
      52444
    ]
  ],
  [
    "/wp-content/plugins/advanced-facebook-content-locker/*",
    [
      52445
    ]
  ],
  [
    "/wp-social-toolbar/js/scripts.js",
    [
      52446
    ]
  ],
  [
    "/wpsms-public.css",
    [
      52447
    ]
  ],
  [
    "/wpsms-public.min.js",
    [
      52448
    ]
  ],
  [
    "/ya-share.js",
    [
      52449
    ]
  ],
  [
    "_footer_twitter.",
    [
      52450
    ]
  ],
  [
    "_share_bookmark.",
    [
      52451
    ]
  ],
  [
    "_share_widget_",
    [
      52452
    ]
  ],
  [
    "_small_share.",
    [
      52453
    ]
  ],
  [
    "_social-bar/",
    [
      52454
    ]
  ],
  [
    "_social_badge_$~xmlhttprequest",
    [
      52455
    ]
  ],
  [
    "_social_bookmark/",
    [
      52456
    ]
  ],
  [
    "_social_bookmarks/",
    [
      52457
    ]
  ],
  [
    "_social_footer_",
    [
      52458
    ]
  ],
  [
    "/jquery.bpopup.$script,domain=telechargerunevideo.com",
    [
      52459
    ]
  ],
  [
    "/wp-content/plugins/videolock/*$script",
    [
      52460
    ]
  ],
  [
    "||addnow.com^$third-party",
    [
      52461
    ]
  ],
  [
    "||addthis.com^$third-party",
    [
      52462
    ]
  ],
  [
    "||addthiscdn.com^$domain=~addthis.com",
    [
      52463
    ]
  ],
  [
    "||addtoany.com^$third-party",
    [
      52464
    ]
  ],
  [
    "||assets.pinterest.com/js/pinit.js$third-party",
    [
      52465
    ]
  ],
  [
    "||assets.pinterest.com/pidget.html$third-party",
    [
      52466
    ]
  ],
  [
    "||b.hatena.ne.jp^$third-party",
    [
      52467
    ]
  ],
  [
    "||b.st-hatena.com/images/$image,third-party,domain=~b.hatena.ne.jp",
    [
      52468
    ]
  ],
  [
    "||b.st-hatena.com/js/$script,third-party,domain=~b.hatena.ne.jp",
    [
      52469
    ]
  ],
  [
    "||badge.facebook.com^$third-party",
    [
      52470
    ]
  ],
  [
    "||badges.instagram.com^$third-party",
    [
      52471
    ]
  ],
  [
    "||bloglovin.com/widget/$third-party",
    [
      52472
    ]
  ],
  [
    "||bshare.cn^$third-party",
    [
      52473
    ]
  ],
  [
    "||button-share.zalo.me^$third-party",
    [
      52474
    ]
  ],
  [
    "||button.like.co^$third-party",
    [
      52475
    ]
  ],
  [
    "||buttons.github.io/buttons.js$third-party",
    [
      52476
    ]
  ],
  [
    "||buttons.googlesyndication.com^$third-party",
    [
      52477
    ]
  ],
  [
    "||connect.ok.ru^$third-party",
    [
      52478
    ]
  ],
  [
    "||crowdynews.com^$third-party",
    [
      52479
    ]
  ],
  [
    "||dailymotion.com/badge/user/$third-party",
    [
      52480
    ]
  ],
  [
    "||digg.com^$script,subdocument,third-party",
    [
      52481
    ]
  ],
  [
    "||facebook.com/plugins/activity.php?$third-party",
    [
      52482
    ]
  ],
  [
    "||facebook.com/plugins/facepile.php?$third-party",
    [
      52483
    ]
  ],
  [
    "||facebook.com/plugins/fan.php?$third-party",
    [
      52484
    ]
  ],
  [
    "||facebook.com/plugins/follow.php$third-party",
    [
      52485
    ]
  ],
  [
    "||facebook.com/plugins/like.php?$third-party",
    [
      52486
    ]
  ],
  [
    "||facebook.com/plugins/like_box.php$third-party",
    [
      52487
    ]
  ],
  [
    "||facebook.com/plugins/likebox/$third-party",
    [
      52488
    ]
  ],
  [
    "||facebook.com/plugins/page.php?$third-party",
    [
      52489
    ]
  ],
  [
    "||facebook.com/plugins/recommendations.php?$third-party",
    [
      52490
    ]
  ],
  [
    "||facebook.com/plugins/send.php?$third-party",
    [
      52491
    ]
  ],
  [
    "||facebook.com/plugins/share_button.php?$third-party",
    [
      52492
    ]
  ],
  [
    "||facebook.com/plugins/subscribe.php$third-party",
    [
      52493
    ]
  ],
  [
    "||facebook.com/widgets/activity.php?$third-party",
    [
      52494
    ]
  ],
  [
    "||facebook.com/widgets/fan.php?$third-party",
    [
      52495
    ]
  ],
  [
    "||facebook.com/widgets/like.php?$third-party",
    [
      52496
    ]
  ],
  [
    "||facebook.com/widgets/recommendations.php?$third-party",
    [
      52497
    ]
  ],
  [
    "||facebook.com^*/plugins/like.php?$third-party",
    [
      52498
    ]
  ],
  [
    "||facebook.com^*/plugins/page.php?$third-party",
    [
      52499
    ]
  ],
  [
    "||facebook.com^*/plugins/share_button.php?$third-party",
    [
      52500
    ]
  ],
  [
    "||fark.com^$script,third-party",
    [
      52501
    ]
  ],
  [
    "||feedgrabbr.com/widget/",
    [
      52502
    ]
  ],
  [
    "||feedly.com/img/follows/$third-party",
    [
      52503
    ]
  ],
  [
    "||figshare.com^$third-party",
    [
      52504
    ]
  ],
  [
    "||filamentapp-assets.s3.amazonaws.com^$third-party",
    [
      52505
    ]
  ],
  [
    "||filamentapp.s3.amazonaws.com^$third-party",
    [
      52506
    ]
  ],
  [
    "||fireworkapi.com^$third-party",
    [
      52507
    ]
  ],
  [
    "||fireworkapi1.com^$third-party,domain=~matsukiyococokara-online.com",
    [
      52508
    ]
  ],
  [
    "||fireworktv.com^$third-party",
    [
      52509
    ]
  ],
  [
    "||flipboard.com/web/buttons/$third-party",
    [
      52510
    ]
  ],
  [
    "||followistic.com^$third-party",
    [
      52511
    ]
  ],
  [
    "||friends2follow.com^$subdocument,third-party",
    [
      52512
    ]
  ],
  [
    "||fwcdn2.com^$third-party",
    [
      52513
    ]
  ],
  [
    "||fwcdn3.com^$third-party",
    [
      52514
    ]
  ],
  [
    "||getbutton.io/widget-send-button/$third-party",
    [
      52515
    ]
  ],
  [
    "||getsocial.io/widget/$third-party",
    [
      52516
    ]
  ],
  [
    "||getsocial.io^*/gs_async.js$third-party",
    [
      52517
    ]
  ],
  [
    "||google.com/_/+1/$third-party",
    [
      52518
    ]
  ],
  [
    "||google.com^*/fastbutton?$third-party",
    [
      52519
    ]
  ],
  [
    "||gotchosen.com^$third-party",
    [
      52520
    ]
  ],
  [
    "||gplusapi.appspot.com^$third-party",
    [
      52521
    ]
  ],
  [
    "||graph.facebook.com/fql?q=SELECT$third-party",
    [
      52522
    ]
  ],
  [
    "||handll.com^$third-party",
    [
      52523
    ]
  ],
  [
    "||hatena.ne.jp/entry/button/$third-party",
    [
      52524
    ]
  ],
  [
    "||herokuapp.com/button.html?$third-party",
    [
      52525
    ]
  ],
  [
    "||hn-button.herokuapp.com^$third-party",
    [
      52526
    ]
  ],
  [
    "||iconosquare.com/widget.php$third-party",
    [
      52527
    ]
  ],
  [
    "||insidesoci.al^$third-party",
    [
      52528
    ]
  ],
  [
    "||jit.su/frame$third-party",
    [
      52529
    ]
  ],
  [
    "||jsoon.digitiminimi.com^$third-party",
    [
      52530
    ]
  ],
  [
    "||karmacracy.com/widget$third-party",
    [
      52531
    ]
  ],
  [
    "||lessbuttons.com^$third-party",
    [
      52532
    ]
  ],
  [
    "||likebtn.com^$third-party",
    [
      52533
    ]
  ],
  [
    "||line-apps.com^*/thirdparty/$third-party",
    [
      52534
    ]
  ],
  [
    "||line.me/js/line-button.js?$third-party",
    [
      52535
    ]
  ],
  [
    "||linkedin.com/countserv/$third-party",
    [
      52536
    ]
  ],
  [
    "||linkedin.com/img/$third-party",
    [
      52537
    ]
  ],
  [
    "||linkedin.com/uas/js/userspace?$third-party",
    [
      52538
    ]
  ],
  [
    "||linksalpha.com^$third-party",
    [
      52539
    ]
  ],
  [
    "||loveclaw.com^$third-party",
    [
      52540
    ]
  ],
  [
    "||markerly.com^$third-party",
    [
      52541
    ]
  ],
  [
    "||massrelevance.com^$third-party",
    [
      52542
    ]
  ],
  [
    "||meebo.com^$third-party",
    [
      52543
    ]
  ],
  [
    "||meerkatapp.co/btn/$third-party",
    [
      52544
    ]
  ],
  [
    "||messengerpeople.com^$third-party",
    [
      52545
    ]
  ],
  [
    "||milotree.com^$third-party",
    [
      52546
    ]
  ],
  [
    "||newsharecounts.com^$third-party",
    [
      52547
    ]
  ],
  [
    "||opensharecount.com^$third-party",
    [
      52548
    ]
  ],
  [
    "||patreon.com/becomePatronButton.bundle.js$third-party",
    [
      52549
    ]
  ],
  [
    "||pepper.com^$third-party",
    [
      52550
    ]
  ],
  [
    "||pinterest.com/images/$third-party",
    [
      52551
    ]
  ],
  [
    "||pinterest.com/js/pinit_main.js$third-party",
    [
      52552
    ]
  ],
  [
    "||pinterest.com/v1/urls/count.json$third-party",
    [
      52553
    ]
  ],
  [
    "||platform.foursquare.com^$third-party",
    [
      52554
    ]
  ],
  [
    "||platform.linkedin.com^$third-party",
    [
      52555
    ]
  ],
  [
    "||platform.twitter.com/anywhere.js$third-party",
    [
      52556
    ]
  ],
  [
    "||platform.twitter.com/embed/$~stylesheet,~subdocument,third-party",
    [
      52557
    ]
  ],
  [
    "||platform.twitter.com/js/button.$third-party",
    [
      52558
    ]
  ],
  [
    "||po.st/share/$script",
    [
      52559
    ]
  ],
  [
    "||po.st/static/$third-party",
    [
      52560
    ]
  ],
  [
    "||reactandshare.com^$third-party",
    [
      52561
    ]
  ],
  [
    "||reddit.com/api/info.json?$third-party",
    [
      52562
    ]
  ],
  [
    "||reddit.com/button.js?$third-party",
    [
      52563
    ]
  ],
  [
    "||reddit.com/static/$third-party",
    [
      52564
    ]
  ],
  [
    "||revinate.com^$third-party",
    [
      52565
    ]
  ],
  [
    "||scoop.it^$third-party",
    [
      52566
    ]
  ],
  [
    "||share.itraffic.su^$third-party",
    [
      52567
    ]
  ],
  [
    "||share.static.skyrock.net^$third-party",
    [
      52568
    ]
  ],
  [
    "||shareaholic.com^$third-party",
    [
      52569
    ]
  ],
  [
    "||sharedcount.com^$third-party",
    [
      52570
    ]
  ],
  [
    "||sharethis.com^$third-party",
    [
      52571
    ]
  ],
  [
    "||sharexy.com^$third-party",
    [
      52572
    ]
  ],
  [
    "||sharpay.io^$third-party",
    [
      52573
    ]
  ],
  [
    "||shpg.org^$third-party",
    [
      52574
    ]
  ],
  [
    "||simplesharebuttons.com^$third-party",
    [
      52575
    ]
  ],
  [
    "||softwebzone.com^$third-party",
    [
      52576
    ]
  ],
  [
    "||spotify.com/follow/$third-party",
    [
      52577
    ]
  ],
  [
    "||statigr.am^$third-party",
    [
      52578
    ]
  ],
  [
    "||storeya.com/externalscript/$third-party",
    [
      52579
    ]
  ],
  [
    "||t.pridat.eu^$third-party",
    [
      52580
    ]
  ],
  [
    "||trendemon.com^$third-party",
    [
      52581
    ]
  ],
  [
    "||twinesocial.com^$third-party",
    [
      52582
    ]
  ],
  [
    "||twitter.com/js/timeline.$script,third-party",
    [
      52583
    ]
  ],
  [
    "||usocial.pro^$third-party",
    [
      52584
    ]
  ],
  [
    "||vk.com/share.php?$third-party",
    [
      52585
    ]
  ],
  [
    "||vk.com/widget_community.php$third-party",
    [
      52586
    ]
  ],
  [
    "||vk.com/widget_community_messages.php?$third-party",
    [
      52587
    ]
  ],
  [
    "||vk.com/widget_like.php$third-party",
    [
      52588
    ]
  ],
  [
    "||vkontakte.ru/js/api/$third-party,domain=~arudex.com|~tapclap.com|~ugo.ru|~vk.com",
    [
      52589
    ]
  ],
  [
    "||vkontakte.ru/share.php?$third-party",
    [
      52590
    ]
  ],
  [
    "||vkontakte.ru/widget_community.php$third-party",
    [
      52591
    ]
  ],
  [
    "||vkontakte.ru/widget_like.php$third-party",
    [
      52592
    ]
  ],
  [
    "||w.uptolike.com^$third-party",
    [
      52593
    ]
  ],
  [
    "||weibo.com/staticjs/weiboshare.html$third-party",
    [
      52594
    ]
  ],
  [
    "||widget.weibo.com^$third-party",
    [
      52595
    ]
  ],
  [
    "||widget.whatshelp.io^$third-party",
    [
      52596
    ]
  ],
  [
    "||widgets.getpocket.com^$third-party",
    [
      52597
    ]
  ],
  [
    "||widgets.wp.com/likes/$third-party",
    [
      52598
    ]
  ],
  [
    "||wykop.pl/dataprovider/diggerwidget/$third-party",
    [
      52599
    ]
  ],
  [
    "||xing-share.com^$third-party",
    [
      52600
    ]
  ],
  [
    "||xing.com/img/buttons/$third-party",
    [
      52601
    ]
  ],
  [
    "||yandex.st/share/",
    [
      52602
    ]
  ],
  [
    "||youtube.com/subscribe_embed?$third-party",
    [
      52603
    ]
  ],
  [
    "||youtube.com/subscribe_widget$third-party",
    [
      52604
    ]
  ],
  [
    "||zextit.com/partners/$third-party",
    [
      52605
    ]
  ],
  [
    "||ipaddress.com/shariff/",
    [
      52606
    ]
  ],
  [
    "||naturalnews.com/getviews2.",
    [
      52607
    ]
  ],
  [
    "||people.com.cn/img/2020fenxiang/",
    [
      52608
    ]
  ],
  [
    "||shbarcelona.com/img/socialnetwork/",
    [
      52609
    ]
  ],
  [
    "||probook.bg/like?$third-party",
    [
      52610
    ]
  ],
  [
    "||pipeline.de/socialmedia-icons/",
    [
      52611
    ]
  ],
  [
    "||seitzeichen.de^$third-party",
    [
      52612
    ]
  ],
  [
    "||social-bookmarking-tools.de^$third-party",
    [
      52613
    ]
  ],
  [
    "||werkenntwen.de/images/buttons/$third-party",
    [
      52614
    ]
  ],
  [
    "||lequipe.fr/_nuxt/Share.",
    [
      52615
    ]
  ],
  [
    "||produits-asiatiques.com/annuaire/templates/coolor/images/facebook-faces.gif",
    [
      52616
    ]
  ],
  [
    "||almasryalyoum.com/scripts/sharing.js",
    [
      52617
    ]
  ],
  [
    "||stjegypt.com/uploads/stjnew.jpg",
    [
      52618
    ]
  ],
  [
    "||share.baidu.com^",
    [
      52619
    ]
  ],
  [
    "||fanclubbarcelona.nl/images/mediabuttons/",
    [
      52620
    ]
  ],
  [
    "||focus.it/images/embed/banner-canale-whats-up/",
    [
      52621
    ]
  ],
  [
    "||napolimagazine.com/web/img/iconefooter/",
    [
      52622
    ]
  ],
  [
    "||napolimagazine.com/web/img/iconetop/",
    [
      52623
    ]
  ],
  [
    "||nursetimes.org/wp-content/uploads/2016/01/telegram-banner.png",
    [
      52624
    ]
  ],
  [
    "||imyfone.com/assets/js/media_share/",
    [
      52625
    ]
  ],
  [
    "||ministop.co.jp/site_common/js/sns_",
    [
      52626
    ]
  ],
  [
    "||plugins.mixi.jp/favorite.pl?$third-party",
    [
      52627
    ]
  ],
  [
    "||taishurx.jp/js/web/sns_header.js",
    [
      52628
    ]
  ],
  [
    "||draugiem.lv/business/ext/fans/$third-party",
    [
      52629
    ]
  ],
  [
    "||draugiem.lv/business/ext/follow/$third-party",
    [
      52630
    ]
  ],
  [
    "||draugiem.lv/lapas/widgets/$third-party",
    [
      52631
    ]
  ],
  [
    "||draugiem.lv/say/ext/like.php$third-party",
    [
      52632
    ]
  ],
  [
    "||draugiem.lv/say/ext/recommend.php$third-party",
    [
      52633
    ]
  ],
  [
    "||draugiem.lv^*/js/fans/$third-party",
    [
      52634
    ]
  ],
  [
    "||sekomums.lv^$third-party",
    [
      52635
    ]
  ],
  [
    "||aventurasnahistoria.uol.com.br/static/socialmedia/",
    [
      52636
    ]
  ],
  [
    "||defatoonline.com.br/whatsapp.html",
    [
      52637
    ]
  ],
  [
    "||harem69.com.br/img/social.png",
    [
      52638
    ]
  ],
  [
    "||jcconcursos.com.br/static/socialmedia/",
    [
      52639
    ]
  ],
  [
    "||opto.sic.pt/footer/socials/",
    [
      52640
    ]
  ],
  [
    "||trrsf.com/transversais/trr_bar/$script",
    [
      52641
    ]
  ],
  [
    "||dni.ru^*/sotial-",
    [
      52642
    ]
  ],
  [
    "||russia.tv/js/modules/social-subscriber.js",
    [
      52643
    ]
  ],
  [
    "||spynews.ro/templates/default/img/face.png",
    [
      52644
    ]
  ],
  [
    "||vestifinance.ru/js/share.js",
    [
      52645
    ]
  ],
  [
    "@@/angular-facebook.js",
    [
      52646
    ]
  ],
  [
    "@@/wp-content/plugins/bwp-minify/min/?*,wp-content$script,stylesheet,~third-party",
    [
      52647
    ]
  ],
  [
    "@@/wp-content/plugins/share-this-image/*$~third-party",
    [
      52648
    ]
  ],
  [
    "@@/wp-content/plugins/socialauth-wp/*$~third-party",
    [
      52649
    ]
  ],
  [
    "@@/wp-content/plugins/wordpress-social-login/*$~third-party",
    [
      52650
    ]
  ],
  [
    "@@/wp-content/plugins/wp-minify/min/?*,wp-content$stylesheet",
    [
      52651
    ]
  ],
  [
    "@@/wp-content/plugins/wp-rocket/*$image,~third-party",
    [
      52652
    ]
  ],
  [
    "@@||3obieg.pl/wp-content/themes/sowe/css/content/$image",
    [
      52653
    ]
  ],
  [
    "@@||adguard.com/public/Adguard/Blog/Android/comparison/facebook_$image,domain=adguard.com",
    [
      52654
    ]
  ],
  [
    "@@||ahaan.co.uk^$~third-party,xmlhttprequest",
    [
      52655
    ]
  ],
  [
    "@@||answers.ros.org/m/default/media/images/socialsprite.png$~third-party",
    [
      52656
    ]
  ],
  [
    "@@||app.conceptboard.com^*/SocialIcons.js$xmlhttprequest",
    [
      52657
    ]
  ],
  [
    "@@||app.veggly.net/plugins/cordova-plugin-x-socialsharing/$script,~third-party",
    [
      52658
    ]
  ],
  [
    "@@||arcgis.com/apps/Nearby/app/components/Share/$~third-party",
    [
      52659
    ]
  ],
  [
    "@@||arhn.eu/wp-content/themes/socialize/$~third-party",
    [
      52660
    ]
  ],
  [
    "@@||assets.msn.com/bundles/*/social-bar-$~third-party",
    [
      52661
    ]
  ],
  [
    "@@||authy.com/wp-content/themes/authy/assets/images/icons/",
    [
      52662
    ]
  ],
  [
    "@@||brave.com/wp-content/uploads/$image,~third-party",
    [
      52663
    ]
  ],
  [
    "@@||cdn.flowplayer.com^*/share.min.js",
    [
      52664
    ]
  ],
  [
    "@@||comelitgroup.com/wp-content/themes/comelitgroup/includes/js/instafeed.min.js$~third-party",
    [
      52665
    ]
  ],
  [
    "@@||comelitgroup.com/wp-content/themes/comelitgroup/includes/js/SocialShare.min.js$~third-party",
    [
      52666
    ]
  ],
  [
    "@@||commonsensemedia.org/ajax/review/$~third-party,xmlhttprequest",
    [
      52667
    ]
  ],
  [
    "@@||d27rt3a60hh1lx.cloudfront.net/models/$domain=muse.place",
    [
      52668
    ]
  ],
  [
    "@@||digitrend.it/wonder-marketing/assets/wordpress/js/videojs-share.min.js?$script,domain=vrsicilia.it",
    [
      52669
    ]
  ],
  [
    "@@||enumizmatyczny.pl/modules/hifacebookconnect/$image",
    [
      52670
    ]
  ],
  [
    "@@||facebook.com^*/plugins/page.php?$domain=cieplikpodrozuje.pl|makulscy.com",
    [
      52671
    ]
  ],
  [
    "@@||fc-zenit.ru/local/templates/new_html/css/nav-social-2/$~third-party",
    [
      52672
    ]
  ],
  [
    "@@||findicons.com/files/icons/$~third-party",
    [
      52673
    ]
  ],
  [
    "@@||gen.jut.su/jcdn/minify?charset=*/videojs-share.$script,stylesheet,domain=jut.su",
    [
      52674
    ]
  ],
  [
    "@@||iconfinder.com/data/icons/$~third-party",
    [
      52675
    ]
  ],
  [
    "@@||iconizer.net/files/*_social_$image",
    [
      52676
    ]
  ],
  [
    "@@||iconspedia.com/icon/$image,~third-party",
    [
      52677
    ]
  ],
  [
    "@@||inscience.news/svc/getscript.aspx$script,~third-party",
    [
      52678
    ]
  ],
  [
    "@@||instagram.com/p/$subdocument,third-party",
    [
      52679
    ]
  ],
  [
    "@@||jsdelivr.net/npm/sharer.js",
    [
      52680
    ]
  ],
  [
    "@@||kinogoo.cc/engine/classes/min/index.php$~third-party,xmlhttprequest",
    [
      52681
    ]
  ],
  [
    "@@||livesicilia.it/wp-content/plugins/digistream/digiplayer/js/videojs-share.min.js?$script,~third-party",
    [
      52682
    ]
  ],
  [
    "@@||login.kataweb.it^*/sprite-social.png",
    [
      52683
    ]
  ],
  [
    "@@||logo.wine/a/logo/$image,~third-party",
    [
      52684
    ]
  ],
  [
    "@@||meltyblood.typelumina.com/resources/img/common/$image,~third-party",
    [
      52685
    ]
  ],
  [
    "@@||moneyweb.co.za^*/social-shares.min.js?",
    [
      52686
    ]
  ],
  [
    "@@||nhk.or.jp/common/sns/nol_share.js$script,~third-party",
    [
      52687
    ]
  ],
  [
    "@@||nuxt.com/_nuxt/SocialLinks.$script,~third-party",
    [
      52688
    ]
  ],
  [
    "@@||parlament.mt/scripts/easy-social-share.js",
    [
      52689
    ]
  ],
  [
    "@@||player.fm^*/social-icons/$image",
    [
      52690
    ]
  ],
  [
    "@@||pngrepo.com/png/$image,~third-party",
    [
      52691
    ]
  ],
  [
    "@@||politumor.ru/engine/classes/min/index.php?f=*/share42.js$script,~third-party",
    [
      52692
    ]
  ],
  [
    "@@||qds.it/wp-content/plugins/digistream/digiplayer/js/videojs-share.min.js?$script,~third-party",
    [
      52693
    ]
  ],
  [
    "@@||radio24.ilsole24ore.com/plugins/cordova-plugin-x-socialsharing/www/SocialSharing.js$script,~third-party",
    [
      52694
    ]
  ],
  [
    "@@||reactandshare.com/plugin/rns.js$domain=maanmittauslaitos.fi|verkkouutiset.fi",
    [
      52695
    ]
  ],
  [
    "@@||s7.addthis.com^*/addthis_widget.js$domain=mediamatters.org|politico.com",
    [
      52696
    ]
  ],
  [
    "@@||sharethis.com/button/buttons.js$domain=bristan.com",
    [
      52697
    ]
  ],
  [
    "@@||softicons.com/download/$image",
    [
      52698
    ]
  ],
  [
    "@@||srf.ch/socialview-in/$~third-party",
    [
      52699
    ]
  ],
  [
    "@@||static.addtoany.com/menu/page.js$script,domain=suttonquebec.com",
    [
      52700
    ]
  ],
  [
    "@@||static.parastorage.com/services/editor-elements/dist/facebookshare.$script,third-party",
    [
      52701
    ]
  ],
  [
    "@@||supremacy1914.com/fileadmin/templates/$~third-party",
    [
      52702
    ]
  ],
  [
    "@@||svgrepo.com/show/$image,~third-party",
    [
      52703
    ]
  ],
  [
    "@@||tf1.fr/public/*-share-$script,~third-party",
    [
      52704
    ]
  ],
  [
    "@@||tgcom24.mediaset.it/assets/js/amd/socialcount.js",
    [
      52705
    ]
  ],
  [
    "@@||tgstat.ru/js/share2/share.js$script,~third-party",
    [
      52706
    ]
  ],
  [
    "@@||thecity.m24.ru/css/ya-share.css",
    [
      52707
    ]
  ],
  [
    "@@||thecompany.pl/graf/icons/youtube.png",
    [
      52708
    ]
  ],
  [
    "@@||toneden.io/production/javascripts/social.js$script,~third-party",
    [
      52709
    ]
  ],
  [
    "@@||tosdr.org/logo/$image",
    [
      52710
    ]
  ],
  [
    "@@||tweet.mapping.jp/data/czml/tweets.json$~third-party",
    [
      52711
    ]
  ],
  [
    "@@||vpobede.ru/assets/images/footer-social/$~third-party,xmlhttprequest",
    [
      52712
    ]
  ],
  [
    "@@||wettercomassets.com/wcomv5/images/footer/$domain=wetter.com",
    [
      52713
    ]
  ],
  [
    "@@||yap.ru/html/static/share/$image,~third-party",
    [
      52714
    ]
  ],
  [
    "@@||yaplakal.com/html/static/$image,~third-party",
    [
      52715
    ]
  ],
  [
    "@@||yastatic.net/share2/share.js$script",
    [
      52716
    ]
  ]
]