[
  [
    "-push-notification.$domain=~github.com",
    [
      523739
    ]
  ],
  [
    "-push-notification/$domain=~github.com",
    [
      523740
    ]
  ],
  [
    "/accusmartwebpush-fire-push-public.js",
    [
      523741
    ]
  ],
  [
    "/al-fb-notification/assets/scripts/al-main-script.js",
    [
      523742
    ]
  ],
  [
    "/amp-user-notification-",
    [
      523743
    ]
  ],
  [
    "/amp-web-push-0.1.js",
    [
      523744
    ]
  ],
  [
    "/assets/www/notification.",
    [
      523745
    ]
  ],
  [
    "/build/push.js",
    [
      523746
    ]
  ],
  [
    "/checkPush.js",
    [
      523747
    ]
  ],
  [
    "/content/js/push.js",
    [
      523748
    ]
  ],
  [
    "/fcmPush.js",
    [
      523749
    ]
  ],
  [
    "/FeedifySW.js",
    [
      523750
    ]
  ],
  [
    "/flying_push.js",
    [
      523751
    ]
  ],
  [
    "/ilabspush.min.js",
    [
      523752
    ]
  ],
  [
    "/inpl.webpush.js",
    [
      523753
    ]
  ],
  [
    "/jquery-notification.js",
    [
      523754
    ]
  ],
  [
    "/jsb/pushnotifications?",
    [
      523755
    ]
  ],
  [
    "/list_notificaciones.php",
    [
      523756
    ]
  ],
  [
    "/maximizly-push.js",
    [
      523757
    ]
  ],
  [
    "/modules/notifications.$domain=~forum.vivaldi.net|~pasty.lus.pm",
    [
      523758
    ]
  ],
  [
    "/mp-web-notification.js",
    [
      523759
    ]
  ],
  [
    "/notification-prod-sw.js",
    [
      523760
    ]
  ],
  [
    "/notification-sw.js",
    [
      523761
    ]
  ],
  [
    "/notification/notify.js",
    [
      523762
    ]
  ],
  [
    "/notifyme.js",
    [
      523763
    ]
  ],
  [
    "/notifyme.min.js",
    [
      523764
    ]
  ],
  [
    "/one-signal.js",
    [
      523765
    ]
  ],
  [
    "/one-signal.min.js",
    [
      523766
    ]
  ],
  [
    "/onesignal.js",
    [
      523767
    ]
  ],
  [
    "/onesignal.min.",
    [
      523768
    ]
  ],
  [
    "/onesignal/manifest.",
    [
      523769
    ]
  ],
  [
    "/onesignalfix.js",
    [
      523770
    ]
  ],
  [
    "/OneSignalSDKUpdaterWorker.js",
    [
      523771
    ]
  ],
  [
    "/OneSignalSDKWorker.js",
    [
      523772
    ]
  ],
  [
    "/perfecty-push-sdk.min.js",
    [
      523773
    ]
  ],
  [
    "/plugins/tfnotifier-wp/swloader.php",
    [
      523774
    ]
  ],
  [
    "/push-notification.js",
    [
      523775
    ]
  ],
  [
    "/push-notification.min.js",
    [
      523776
    ]
  ],
  [
    "/push-notification/*$domain=~upwork.com",
    [
      523777
    ]
  ],
  [
    "/push-notifications.$~stylesheet",
    [
      523778
    ]
  ],
  [
    "/push-notifications/*",
    [
      523779
    ]
  ],
  [
    "/push-notifications?",
    [
      523780
    ]
  ],
  [
    "/push-sw.js",
    [
      523781
    ]
  ],
  [
    "/push-worker-$script",
    [
      523782
    ]
  ],
  [
    "/push-wrap.js",
    [
      523783
    ]
  ],
  [
    "/push/sbscr.js",
    [
      523784
    ]
  ],
  [
    "/push/sbscrp.js",
    [
      523785
    ]
  ],
  [
    "/push/subscribe.js",
    [
      523786
    ]
  ],
  [
    "/push_app.js",
    [
      523787
    ]
  ],
  [
    "/push_notification.js",
    [
      523788
    ]
  ],
  [
    "/push_notification.min.js",
    [
      523789
    ]
  ],
  [
    "/push_notification/*",
    [
      523790
    ]
  ],
  [
    "/push_notifications.js",
    [
      523791
    ]
  ],
  [
    "/push_subscription.js",
    [
      523792
    ]
  ],
  [
    "/pushes/firebase.js",
    [
      523793
    ]
  ],
  [
    "/pushes/notification.js",
    [
      523794
    ]
  ],
  [
    "/PushexSDK.js",
    [
      523795
    ]
  ],
  [
    "/pushly-sdk.min.js",
    [
      523796
    ]
  ],
  [
    "/pushNotification.js",
    [
      523797
    ]
  ],
  [
    "/pushNotifications.js",
    [
      523798
    ]
  ],
  [
    "/pushnotifications/*",
    [
      523799
    ]
  ],
  [
    "/pushNotificationSdkJS.js",
    [
      523800
    ]
  ],
  [
    "/pushpro-lib.js",
    [
      523801
    ]
  ],
  [
    "/pushsubscribe.js",
    [
      523802
    ]
  ],
  [
    "/pushup-notification/push-app.js",
    [
      523803
    ]
  ],
  [
    "/pushup-notification/push-messaging.js",
    [
      523804
    ]
  ],
  [
    "/pushv2.js",
    [
      523805
    ]
  ],
  [
    "/pushwoosh-service-worker.js",
    [
      523806
    ]
  ],
  [
    "/pushwoosh-web-notifications.js",
    [
      523807
    ]
  ],
  [
    "/pushwoosh-web-pushes-http-sdk.js",
    [
      523808
    ]
  ],
  [
    "/pushy-ver.js",
    [
      523809
    ]
  ],
  [
    "/scripts/onesignal.js",
    [
      523810
    ]
  ],
  [
    "/site-notification-desk.min.js",
    [
      523811
    ]
  ],
  [
    "/smio-push-notification/js/frontend_webpush.js",
    [
      523812
    ]
  ],
  [
    "/subscribe-push-notifications.js",
    [
      523813
    ]
  ],
  [
    "/web-push-notifications.js",
    [
      523814
    ]
  ],
  [
    "/web-push.js",
    [
      523815
    ]
  ],
  [
    "/web-push/init.min.js",
    [
      523816
    ]
  ],
  [
    "/webalert-notification.js",
    [
      523817
    ]
  ],
  [
    "/webnotf.js",
    [
      523818
    ]
  ],
  [
    "/webnotification.js",
    [
      523819
    ]
  ],
  [
    "/webpush-production.js",
    [
      523820
    ]
  ],
  [
    "/webpush.js",
    [
      523821
    ]
  ],
  [
    "/webpush.min.js",
    [
      523822
    ]
  ],
  [
    "/webpush_register.php",
    [
      523823
    ]
  ],
  [
    "/webPushNotifications.js",
    [
      523824
    ]
  ],
  [
    "/wonderpush-loader.min.js",
    [
      523825
    ]
  ],
  [
    "/wonderpush.js",
    [
      523826
    ]
  ],
  [
    "/wonderpush.min.js",
    [
      523827
    ]
  ],
  [
    "/wordpress-fire-push-public.js",
    [
      523828
    ]
  ],
  [
    "/wp-notification-bars-public.js",
    [
      523829
    ]
  ],
  [
    "/app-banner/*$xmlhttprequest",
    [
      523830
    ]
  ],
  [
    "/jquery.androidbanner.js",
    [
      523831
    ]
  ],
  [
    "/js-mobile-*/header_$script",
    [
      523832
    ]
  ],
  [
    "/js/jquery.smartbanner.js|",
    [
      523833
    ]
  ],
  [
    "/js/jquery.smartbanner.min.js|",
    [
      523834
    ]
  ],
  [
    "/mobile-welcome-overlay/*$script",
    [
      523835
    ]
  ],
  [
    "/smart-app-banner.js",
    [
      523836
    ]
  ],
  [
    "||api-push.com^$third-party",
    [
      523837
    ]
  ],
  [
    "||azureedge.net/js/cookie_notificacao.min.js",
    [
      523838
    ]
  ],
  [
    "||bildirnet.com^$third-party",
    [
      523839
    ]
  ],
  [
    "||braze.com^$third-party",
    [
      523840
    ]
  ],
  [
    "||cappushino.com^$third-party",
    [
      523841
    ]
  ],
  [
    "||cdn.qgr.ph^$third-party",
    [
      523842
    ]
  ],
  [
    "||cdn.qgraph.io^$third-party",
    [
      523843
    ]
  ],
  [
    "||centrnotify.com^$third-party",
    [
      523844
    ]
  ],
  [
    "||checke.biz^$third-party",
    [
      523845
    ]
  ],
  [
    "||confirmit.com^$third-party",
    [
      523846
    ]
  ],
  [
    "||conforama-push.com^$third-party",
    [
      523847
    ]
  ],
  [
    "||contentsitesrv.com/js/push/$third-party",
    [
      523848
    ]
  ],
  [
    "||css.xjsx.lol^$third-party",
    [
      523849
    ]
  ],
  [
    "||digipush.io^$third-party",
    [
      523850
    ]
  ],
  [
    "||dpns-notifications.com^$third-party",
    [
      523851
    ]
  ],
  [
    "||easyfeeed.com^$third-party",
    [
      523852
    ]
  ],
  [
    "||evolok.net^$third-party",
    [
      523853
    ]
  ],
  [
    "||farteniuson.com^$third-party",
    [
      523854
    ]
  ],
  [
    "||getnotification.me^$third-party",
    [
      523855
    ]
  ],
  [
    "||irpush.com^$third-party",
    [
      523856
    ]
  ],
  [
    "||jubi.ai/buttonbot/$script,third-party",
    [
      523857
    ]
  ],
  [
    "||krakenoptimize.com^$third-party",
    [
      523858
    ]
  ],
  [
    "||luravius.com^$third-party",
    [
      523859
    ]
  ],
  [
    "||medallia.com^*/onsite/embed.js",
    [
      523860
    ]
  ],
  [
    "||neopush.io^$third-party",
    [
      523861
    ]
  ],
  [
    "||news2day.me^$third-party",
    [
      523862
    ]
  ],
  [
    "||notification-time.com^$third-party",
    [
      523863
    ]
  ],
  [
    "||notification.tubecup.net^",
    [
      523864
    ]
  ],
  [
    "||notifications.ltd^$third-party",
    [
      523865
    ]
  ],
  [
    "||notifikuj.cz^$third-party",
    [
      523866
    ]
  ],
  [
    "||notifstation.com^$third-party",
    [
      523867
    ]
  ],
  [
    "||notix.io^$third-party",
    [
      523868
    ]
  ],
  [
    "||ntvsw.com^$third-party",
    [
      523869
    ]
  ],
  [
    "||partishion.com^$third-party",
    [
      523870
    ]
  ],
  [
    "||pathlime.com^$third-party",
    [
      523871
    ]
  ],
  [
    "||popmechanic.ru^$third-party",
    [
      523872
    ]
  ],
  [
    "||propush.net^$third-party",
    [
      523873
    ]
  ],
  [
    "||pt.appirits.com^$third-party",
    [
      523874
    ]
  ],
  [
    "||puscomosca.com^$third-party",
    [
      523875
    ]
  ],
  [
    "||push-centr.com^$third-party",
    [
      523876
    ]
  ],
  [
    "||push-centr.net^$third-party",
    [
      523877
    ]
  ],
  [
    "||push-engage.com^$third-party",
    [
      523878
    ]
  ],
  [
    "||push-notifications.top^$third-party",
    [
      523879
    ]
  ],
  [
    "||push-pro.net^$third-party",
    [
      523880
    ]
  ],
  [
    "||push.asahiinteractive.com^",
    [
      523881
    ]
  ],
  [
    "||push.bytesignal.com^",
    [
      523882
    ]
  ],
  [
    "||push.daksham.in^$third-party",
    [
      523883
    ]
  ],
  [
    "||push.delivery.ethinking.de^",
    [
      523884
    ]
  ],
  [
    "||push.delivery^$third-party",
    [
      523885
    ]
  ],
  [
    "||push.esputnik.com^",
    [
      523886
    ]
  ],
  [
    "||push.getbeamer.com^",
    [
      523887
    ]
  ],
  [
    "||push.knd.ro^",
    [
      523888
    ]
  ],
  [
    "||push.newscraft.io^",
    [
      523889
    ]
  ],
  [
    "||push.reamaze.com^",
    [
      523890
    ]
  ],
  [
    "||push.rollout.io^$third-party",
    [
      523891
    ]
  ],
  [
    "||push.world^$third-party",
    [
      523892
    ]
  ],
  [
    "||pushaddict.com^$third-party",
    [
      523893
    ]
  ],
  [
    "||pushango.com^$third-party",
    [
      523894
    ]
  ],
  [
    "||pushassist.com^$third-party",
    [
      523895
    ]
  ],
  [
    "||pushaya.com^$third-party",
    [
      523896
    ]
  ],
  [
    "||pushbaza.com^$third-party",
    [
      523897
    ]
  ],
  [
    "||pushbots.com^$third-party",
    [
      523898
    ]
  ],
  [
    "||pushbox.info^$third-party",
    [
      523899
    ]
  ],
  [
    "||pushcentr.com^$third-party",
    [
      523900
    ]
  ],
  [
    "||pushchev.info^$third-party",
    [
      523901
    ]
  ],
  [
    "||pushcrew.com^$third-party",
    [
      523902
    ]
  ],
  [
    "||pushdealer.com^$third-party",
    [
      523903
    ]
  ],
  [
    "||pushe.co^$third-party",
    [
      523904
    ]
  ],
  [
    "||pusherapp.com^$third-party",
    [
      523905
    ]
  ],
  [
    "||pushinpage.com^$third-party",
    [
      523906
    ]
  ],
  [
    "||pushinstruments.com^$third-party",
    [
      523907
    ]
  ],
  [
    "||pushio.com^$third-party",
    [
      523908
    ]
  ],
  [
    "||pushjunky.com^$third-party",
    [
      523909
    ]
  ],
  [
    "||pushkahouse.com^$third-party",
    [
      523910
    ]
  ],
  [
    "||pushkaplus.com^$third-party",
    [
      523911
    ]
  ],
  [
    "||pushloop.io^$third-party",
    [
      523912
    ]
  ],
  [
    "||pushly.com^$third-party",
    [
      523913
    ]
  ],
  [
    "||pushmaster-cdn.xyz^$third-party",
    [
      523914
    ]
  ],
  [
    "||pushmejs.com^$third-party",
    [
      523915
    ]
  ],
  [
    "||pushnews.eu^$third-party",
    [
      523916
    ]
  ],
  [
    "||pushnotifications.click^$third-party",
    [
      523917
    ]
  ],
  [
    "||pushouse.com^$third-party",
    [
      523918
    ]
  ],
  [
    "||pushowl.com^$third-party",
    [
      523919
    ]
  ],
  [
    "||pushpad.xyz^$third-party",
    [
      523920
    ]
  ],
  [
    "||pushpanda.io^$third-party",
    [
      523921
    ]
  ],
  [
    "||pushpro.io^$third-party",
    [
      523922
    ]
  ],
  [
    "||pushprofit.ru^$third-party",
    [
      523923
    ]
  ],
  [
    "||pushprospush.com^$third-party",
    [
      523924
    ]
  ],
  [
    "||pushpushgo.com^$third-party",
    [
      523925
    ]
  ],
  [
    "||pushstack.it^$third-party",
    [
      523926
    ]
  ],
  [
    "||pushtide.com^$third-party",
    [
      523927
    ]
  ],
  [
    "||pushvip.ru^$third-party",
    [
      523928
    ]
  ],
  [
    "||pushwhy.com^$third-party",
    [
      523929
    ]
  ],
  [
    "||pushy.ai^$third-party",
    [
      523930
    ]
  ],
  [
    "||quarepush.com^$third-party",
    [
      523931
    ]
  ],
  [
    "||quaruzon.com^$third-party",
    [
      523932
    ]
  ],
  [
    "||qushad.com^$third-party",
    [
      523933
    ]
  ],
  [
    "||realpush.media^$third-party",
    [
      523934
    ]
  ],
  [
    "||realpush.network^$third-party",
    [
      523935
    ]
  ],
  [
    "||revpusher.com^$third-party",
    [
      523936
    ]
  ],
  [
    "||sckxppzdm.com^$third-party",
    [
      523937
    ]
  ],
  [
    "||signaly.co^$third-party",
    [
      523938
    ]
  ],
  [
    "||snrcdn.net^$third-party",
    [
      523939
    ]
  ],
  [
    "||spacepush.ru^$third-party",
    [
      523940
    ]
  ],
  [
    "||system-notify.app^$third-party",
    [
      523941
    ]
  ],
  [
    "||ternairsoftware.com/publicwebpush/",
    [
      523942
    ]
  ],
  [
    "||topswp.com^$third-party",
    [
      523943
    ]
  ],
  [
    "||unative.com^$third-party",
    [
      523944
    ]
  ],
  [
    "||viafoura.net/push_handlers.js",
    [
      523945
    ]
  ],
  [
    "||virtualpushplatform.com^$third-party",
    [
      523946
    ]
  ],
  [
    "||webpush.jp^$third-party",
    [
      523947
    ]
  ],
  [
    "||webpushr.com^$third-party",
    [
      523948
    ]
  ],
  [
    "||webpushs.com^$third-party",
    [
      523949
    ]
  ],
  [
    "||whitepush.biz^$third-party",
    [
      523950
    ]
  ],
  [
    "||worldpush.co^$third-party",
    [
      523951
    ]
  ],
  [
    "||wps.relateddigital.com^$third-party",
    [
      523952
    ]
  ],
  [
    "||wpush.biz^$third-party",
    [
      523953
    ]
  ],
  [
    "||wpushsdk.com^$third-party",
    [
      523954
    ]
  ],
  [
    "||xedo.me^$third-party",
    [
      523955
    ]
  ],
  [
    "||youlead.pl/webpushprompt.js",
    [
      523956
    ]
  ],
  [
    "||accengage.net^$third-party",
    [
      523957
    ]
  ],
  [
    "||actirinius.com^$third-party",
    [
      523958
    ]
  ],
  [
    "||aimtell.com^$third-party",
    [
      523959
    ]
  ],
  [
    "||alertme.news^$third-party",
    [
      523960
    ]
  ],
  [
    "||amazonaws.com/cdn.aimtell.com/",
    [
      523961
    ]
  ],
  [
    "||aswpsdkeu.com^$third-party",
    [
      523962
    ]
  ],
  [
    "||aswpsdkus.com^$third-party",
    [
      523963
    ]
  ],
  [
    "||bildirt.com^$third-party",
    [
      523964
    ]
  ],
  [
    "||bosspush.com^$third-party",
    [
      523965
    ]
  ],
  [
    "||browserpusher.com^$third-party",
    [
      523966
    ]
  ],
  [
    "||cdn-sitegainer.com^$third-party",
    [
      523967
    ]
  ],
  [
    "||cleverpush.com^$third-party",
    [
      523968
    ]
  ],
  [
    "||copush.com^$third-party",
    [
      523969
    ]
  ],
  [
    "||cracataum.com^$third-party",
    [
      523970
    ]
  ],
  [
    "||danorenius.com^$third-party",
    [
      523971
    ]
  ],
  [
    "||digitalpush.org^$third-party",
    [
      523972
    ]
  ],
  [
    "||edrone.me^$third-party",
    [
      523973
    ]
  ],
  [
    "||face-push.com^$third-party",
    [
      523974
    ]
  ],
  [
    "||feedify.net^$third-party",
    [
      523975
    ]
  ],
  [
    "||feraciumus.com^$third-party",
    [
      523976
    ]
  ],
  [
    "||fernomius.com^$third-party",
    [
      523977
    ]
  ],
  [
    "||fkondate.com^$third-party",
    [
      523978
    ]
  ],
  [
    "||foxpush.com^$third-party",
    [
      523979
    ]
  ],
  [
    "||foxpush.net^$third-party",
    [
      523980
    ]
  ],
  [
    "||getback.ch^$third-party",
    [
      523981
    ]
  ],
  [
    "||getpush.net^$third-party",
    [
      523982
    ]
  ],
  [
    "||getpushmonkey.com^$third-party",
    [
      523983
    ]
  ],
  [
    "||gravitec.net^$third-party",
    [
      523984
    ]
  ],
  [
    "||heroesdom.com^$third-party",
    [
      523985
    ]
  ],
  [
    "||jeeng.com^$third-party",
    [
      523986
    ]
  ],
  [
    "||kattepush.com^$third-party",
    [
      523987
    ]
  ],
  [
    "||master-push.com^$third-party",
    [
      523988
    ]
  ],
  [
    "||master-push.net^$third-party",
    [
      523989
    ]
  ],
  [
    "||misrepush.com^$third-party",
    [
      523990
    ]
  ],
  [
    "||moengage.com^$third-party",
    [
      523991
    ]
  ],
  [
    "||mp3vizor.com^$third-party",
    [
      523992
    ]
  ],
  [
    "||najva.com^$third-party",
    [
      523993
    ]
  ],
  [
    "||nativesubscribe.pro^$third-party",
    [
      523994
    ]
  ],
  [
    "||notifadz.com^$third-party",
    [
      523995
    ]
  ],
  [
    "||notifpush.com^$third-party",
    [
      523996
    ]
  ],
  [
    "||notify.solutions^$third-party",
    [
      523997
    ]
  ],
  [
    "||olgtex.com^$third-party",
    [
      523998
    ]
  ],
  [
    "||on-push.com^$third-party",
    [
      523999
    ]
  ],
  [
    "||onepush.app^$third-party",
    [
      524000
    ]
  ],
  [
    "||provesrc.com^$third-party",
    [
      524001
    ]
  ],
  [
    "||psh.one^$third-party",
    [
      524002
    ]
  ],
  [
    "||push-ad.com^$third-party",
    [
      524003
    ]
  ],
  [
    "||push-free.com^$third-party",
    [
      524004
    ]
  ],
  [
    "||pushalert.co^$third-party",
    [
      524005
    ]
  ],
  [
    "||pushbird.com^$third-party",
    [
      524006
    ]
  ],
  [
    "||pushbullet.com^$third-party",
    [
      524007
    ]
  ],
  [
    "||pushengage.com^$third-party",
    [
      524008
    ]
  ],
  [
    "||pushex.io^$third-party",
    [
      524009
    ]
  ],
  [
    "||pushible.com^$third-party",
    [
      524010
    ]
  ],
  [
    "||pushify.com^$third-party",
    [
      524011
    ]
  ],
  [
    "||pushwoosh.com^$third-party",
    [
      524012
    ]
  ],
  [
    "||reprocautious.com^$third-party",
    [
      524013
    ]
  ],
  [
    "||sendpulse.com^$third-party",
    [
      524014
    ]
  ],
  [
    "||setrowid.com^$third-party",
    [
      524015
    ]
  ],
  [
    "||shroughtened.com^$third-party",
    [
      524016
    ]
  ],
  [
    "||sm-epsilon.com^$third-party",
    [
      524017
    ]
  ],
  [
    "||snd.tc^$third-party",
    [
      524018
    ]
  ],
  [
    "||subscribers.com^$third-party",
    [
      524019
    ]
  ],
  [
    "||truenat.bid^$third-party",
    [
      524020
    ]
  ],
  [
    "||truepush.com^$third-party",
    [
      524021
    ]
  ],
  [
    "||urbanairship.com^$third-party",
    [
      524022
    ]
  ],
  [
    "||viapush.com^$third-party",
    [
      524023
    ]
  ],
  [
    "||webpu.sh^$third-party",
    [
      524024
    ]
  ],
  [
    "||whiteclick.biz^$third-party",
    [
      524025
    ]
  ],
  [
    "||wnpbdan.bid^$third-party",
    [
      524026
    ]
  ],
  [
    "||wonderpush.com^$third-party",
    [
      524027
    ]
  ],
  [
    "||wwclicknews.club^$third-party",
    [
      524028
    ]
  ],
  [
    "||wwclicktm.club^$third-party",
    [
      524029
    ]
  ],
  [
    "||xtremepush.com^$third-party",
    [
      524030
    ]
  ],
  [
    "||app.adjust.net.in/smart_banner",
    [
      524031
    ]
  ],
  [
    "||mobi24.net^$third-party",
    [
      524032
    ]
  ],
  [
    "/firebase-messaging.js$script,domain=tribunnews.com",
    [
      524033
    ]
  ],
  [
    "||9to5terminal.com/push.js",
    [
      524034
    ]
  ],
  [
    "||abendpoint.com/dist/js/push.js",
    [
      524035
    ]
  ],
  [
    "||alerts.ndtv.com^",
    [
      524036
    ]
  ],
  [
    "||alerts.thedailystar.net^",
    [
      524037
    ]
  ],
  [
    "||alibaba.com/sw.js",
    [
      524038
    ]
  ],
  [
    "||annahar.com/assets/js/notifications.js",
    [
      524039
    ]
  ],
  [
    "||astian.org/?push_notification_sw",
    [
      524040
    ]
  ],
  [
    "||bdstatic.com/linksubmit/push.js",
    [
      524041
    ]
  ],
  [
    "||dailymail.co.uk/api/web-push-notification/",
    [
      524042
    ]
  ],
  [
    "||gadgetsnow.com/sw.cms",
    [
      524043
    ]
  ],
  [
    "||gstatic.com/firebasejs/$domain=joins.com|novayagazeta.eu|packaginginsights.com",
    [
      524044
    ]
  ],
  [
    "||hindustantimes.com/messaging-sw.js",
    [
      524045
    ]
  ],
  [
    "||hindustantimes.com/sw.js",
    [
      524046
    ]
  ],
  [
    "||hindustantimes.com^*/ht-notification-",
    [
      524047
    ]
  ],
  [
    "||hulkprod.anm.co.uk/api/web-push-notification/",
    [
      524048
    ]
  ],
  [
    "||imyfone.com/*/notification/$script",
    [
      524049
    ]
  ],
  [
    "||indiatimes.com/pn/",
    [
      524050
    ]
  ],
  [
    "||iol.co.za/sw.js",
    [
      524051
    ]
  ],
  [
    "||kogan.com/sw.js",
    [
      524052
    ]
  ],
  [
    "||latestdeals.co.uk/sw.js",
    [
      524053
    ]
  ],
  [
    "||msn.com/bundles/v1/homePage/latest/experiences_conditional-banner",
    [
      524054
    ]
  ],
  [
    "||ndtv.com/js/breaking_pushalert_revised.js",
    [
      524055
    ]
  ],
  [
    "||ndtv.com/sw.js",
    [
      524056
    ]
  ],
  [
    "||newsukraine.rbc.ua/sworker.js",
    [
      524057
    ]
  ],
  [
    "||nookazon.com/firebase-messaging-sw.js",
    [
      524058
    ]
  ],
  [
    "||phys.org/push-sw.js",
    [
      524059
    ]
  ],
  [
    "||push.cnnindonesia.com^",
    [
      524060
    ]
  ],
  [
    "||push.ictsd.org^",
    [
      524061
    ]
  ],
  [
    "||renaultsport.com/spip.php?page=sw.js",
    [
      524062
    ]
  ],
  [
    "||rottentomatoes.com/service-worker/sw.js",
    [
      524063
    ]
  ],
  [
    "||rt.com/homescreen-sw.js",
    [
      524064
    ]
  ],
  [
    "||sammobile.com/wp-content/plugins/sam-push-notifications/",
    [
      524065
    ]
  ],
  [
    "||scmp.com/sw.js",
    [
      524066
    ]
  ],
  [
    "||seattletimes.com/wp-content/plugins/st-user-messaging/$script",
    [
      524067
    ]
  ],
  [
    "||sportskeeda.com/js/production/web-notifications/",
    [
      524068
    ]
  ],
  [
    "||techwalla.com/push-service-worker.js",
    [
      524069
    ]
  ],
  [
    "||telegraphindia.com/akam-sw.js",
    [
      524070
    ]
  ],
  [
    "||timesnownews.com/sw.js",
    [
      524071
    ]
  ],
  [
    "||ultimedia.com/js/common/notification.js",
    [
      524072
    ]
  ],
  [
    "||weather.com/*.MedalliaSurvey.",
    [
      524073
    ]
  ],
  [
    "||0564.ua/assets/d6ade384/js/alertsWidget.js",
    [
      524074
    ]
  ],
  [
    "||ad-hoc-news.de/js/push.js",
    [
      524075
    ]
  ],
  [
    "||agazeta.com.br/assets/javascript/notification.js",
    [
      524076
    ]
  ],
  [
    "||cnnindonesia.com/sw.js",
    [
      524077
    ]
  ],
  [
    "||dcnews.ro/sm-",
    [
      524078
    ]
  ],
  [
    "||elpais.com.uy/utms.js",
    [
      524079
    ]
  ],
  [
    "||flashscore.fr^*/build/notifications.",
    [
      524080
    ]
  ],
  [
    "||futura-sciences.com/clientscript/push.js",
    [
      524081
    ]
  ],
  [
    "||horoscope.fr/notifications/",
    [
      524082
    ]
  ],
  [
    "||informazione.it/wr/promo-miainfo.js",
    [
      524083
    ]
  ],
  [
    "||metrobilbao.eus/firebase-messaging-sw.js",
    [
      524084
    ]
  ],
  [
    "||push.idowa.de^",
    [
      524085
    ]
  ],
  [
    "||push.neko-san.fr^",
    [
      524086
    ]
  ],
  [
    "||pushme.magellanotech.it^",
    [
      524087
    ]
  ],
  [
    "||tio.ch/js/api.push.js",
    [
      524088
    ]
  ],
  [
    "||tutto.tv/wp-content/plugins/plugin-notifiche-",
    [
      524089
    ]
  ],
  [
    "||uchubiz.com/wp-content/themes/uchubiz/assets/js/push.js",
    [
      524090
    ]
  ],
  [
    "||winnipegfreepress.com/firebase-messaging-sw.js",
    [
      524091
    ]
  ],
  [
    "||baby-calendar.jp/nazuke/img/app/header_",
    [
      524092
    ]
  ],
  [
    "||browser.geekbench.com/assets/ads/",
    [
      524093
    ]
  ],
  [
    "||static.chrono24.com/lib/generated/js/app-hint-layer.",
    [
      524094
    ]
  ],
  [
    "||tapcart.com/mobile-download-banner/banner-min.js",
    [
      524095
    ]
  ],
  [
    "@@||bostonherald.com^*/webpush.js$script,~third-party",
    [
      524096
    ]
  ],
  [
    "@@||braze.com/api/$domain=dairyqueen.com|deezer.com",
    [
      524097
    ]
  ],
  [
    "@@||forums.opera.com/assets/src/modules/notifications.js$~third-party",
    [
      524098
    ]
  ],
  [
    "@@||inevent.com/js/wizard/pushNotification.js$script,~third-party",
    [
      524099
    ]
  ],
  [
    "@@||learner.mycreds.ca/assets/js/modules/notifications.min.js$~third-party",
    [
      524100
    ]
  ],
  [
    "@@||ledevoir.com/js/web-push.js$script,~third-party",
    [
      524101
    ]
  ],
  [
    "@@||oakley.com^*/notifications.js$~third-party",
    [
      524102
    ]
  ],
  [
    "@@||paste.crdroid.net/assets/js/modules/notifications.js$script,~third-party",
    [
      524103
    ]
  ],
  [
    "@@||snrcdn.net/sdk/3.0/synerise-javascript-sdk.min.js$domain=komputronik.pl",
    [
      524104
    ]
  ],
  [
    "@@||st.mycdn.me/static/*/WebPush.js$script,domain=ok.ru",
    [
      524105
    ]
  ],
  [
    "@@||webpush.jp/js/browserpushv3.js$domain=zakzak.co.jp",
    [
      524106
    ]
  ],
  [
    "@@||anadolu.edu.tr/assets/js/jquery.smartbanner.js$~third-party",
    [
      524107
    ]
  ],
  [
    "@@||assure.ameli.fr^*/smart-app-banner.js$~third-party",
    [
      524108
    ]
  ],
  [
    "@@||mafia.ua/js/jquery.smartbanner.js$script,~third-party",
    [
      524109
    ]
  ],
  [
    "@@||mirage.ru/js/jquery.smartbanner.js$script,~third-party",
    [
      524110
    ]
  ]
]