[
  [
    "sleeknotestaticcontent.sleeknote.com",
    [
      1035729
    ]
  ],
  [
    "||js.driftt.com/include$script",
    [
      1035730
    ]
  ],
  [
    "||assets.ubembed.com/universal$script",
    [
      1035731
    ]
  ],
  [
    "||lightboxcdn.com/vendor$script",
    [
      1035732
    ]
  ],
  [
    "||mailocator.net/_/$script",
    [
      1035733
    ]
  ],
  [
    "cdn1.pdmntn.com",
    [
      1035734
    ]
  ],
  [
    "||static.mailerlite.com/js$script",
    [
      1035735
    ]
  ],
  [
    "||pmdstatic.net/bundle.php$script",
    [
      1035736
    ]
  ],
  [
    "||front.optimonk.com/public/$script",
    [
      1035737
    ]
  ],
  [
    "/wp-content/plugins/newsletter-leads",
    [
      1035738
    ]
  ],
  [
    "||downloads.mailchimp.com/js/signup-forms$script",
    [
      1035739
    ]
  ],
  [
    "||conduit.mailchimpapp.com/js/stores$script",
    [
      1035740
    ]
  ],
  [
    "||a.optmnstr.com/app/js/$script",
    [
      1035741
    ]
  ],
  [
    "||getsocial.io/client$script",
    [
      1035742
    ]
  ],
  [
    "||static.ctctcdn.com/js/signup-form-widget$script,domain=~centerforhealthsecurity.org",
    [
      1035743
    ]
  ],
  [
    "||cdn.justuno.com/mwgt$script",
    [
      1035744
    ]
  ],
  [
    "||a.mailmunch.co/app/$script",
    [
      1035745
    ]
  ],
  [
    "/newsletterPopup.js",
    [
      1035746
    ]
  ],
  [
    "/pmgnews/overlay/newsletter",
    [
      1035747
    ]
  ],
  [
    "||dotmailer-surveys.com/scripts/survey.js$script",
    [
      1035748
    ]
  ],
  [
    "||yieldify.com/yieldify/code.js$script",
    [
      1035749
    ]
  ],
  [
    "||widget.privy.com/assets/widget.js$script",
    [
      1035750
    ]
  ],
  [
    "sumo.b-cdn.net",
    [
      1035751
    ]
  ],
  [
    "||connect.nosto.com/include$script",
    [
      1035752
    ]
  ],
  [
    "||chimpstatic.com/mcjs-connected/js/users$script",
    [
      1035753
    ]
  ],
  [
    "||assets.pcrl.co/js/$script",
    [
      1035754
    ]
  ],
  [
    "/wp-content/plugins/email-subscribers/widget/es-widget-page.js",
    [
      1035755
    ]
  ],
  [
    "||youlead.pl/Scripts/Dynamic.js$script",
    [
      1035756
    ]
  ],
  [
    "||m8.mailplus.nl/genericservice$script",
    [
      1035757
    ]
  ],
  [
    "||restapi.mailplus.nl/integrationservice$script",
    [
      1035758
    ]
  ],
  [
    "||snrcdn.net/sdk/$script",
    [
      1035759
    ]
  ],
  [
    "||cdn.dynamicyield.com/api$script,domain=~haix.de|~bancofalabella.cl|~gymshark.com",
    [
      1035760
    ]
  ],
  [
    "||static.newsletter2go.com/utils.js$script",
    [
      1035761
    ]
  ],
  [
    "/widget/ecNewsletterPopup/*",
    [
      1035762
    ]
  ],
  [
    "||a.optmstr.com/app/js/$script",
    [
      1035763
    ]
  ],
  [
    "||api.autopilothq.com/anywhere/$script",
    [
      1035764
    ]
  ],
  [
    "||c.salecycle.com/osr/config$script",
    [
      1035765
    ]
  ],
  [
    "/wp-content/plugins/thrive-leads/*$domain=~itnator.net",
    [
      1035766
    ]
  ],
  [
    "/wp-content/plugins/bloom/*",
    [
      1035767
    ]
  ],
  [
    "||js.hsleadflows.net/leadflows.js$script",
    [
      1035768
    ]
  ],
  [
    "/clientlib-newsletter.js",
    [
      1035769
    ]
  ],
  [
    "||c.lytics.io/static/pathfora$script",
    [
      1035770
    ]
  ],
  [
    "email-signup-form-popup.js",
    [
      1035771
    ]
  ],
  [
    "||netpeak.cloud/source/js$script",
    [
      1035772
    ]
  ],
  [
    "||bunting.com/call$script",
    [
      1035773
    ]
  ],
  [
    "||cdn.connectif.cloud/cl1/client-script/$script",
    [
      1035774
    ]
  ],
  [
    "/essb-optin-booster.js",
    [
      1035775
    ]
  ],
  [
    "f.convertkit.com",
    [
      1035776
    ]
  ],
  [
    "api.morningcatch.net",
    [
      1035777
    ]
  ],
  [
    "||shopify.privy.com/widget.js$script",
    [
      1035778
    ]
  ],
  [
    "load.sumo.com",
    [
      1035779
    ]
  ],
  [
    "||cdn.listrakbi.com/scripts/script.js$script",
    [
      1035780
    ]
  ],
  [
    "/wp-content/plugins/dreamgrow-scroll-triggered-box/*",
    [
      1035781
    ]
  ],
  [
    "||d3bo67muzbfgtl.cloudfront.net/edrone$script",
    [
      1035782
    ]
  ],
  [
    "/newsletter_modals.min.",
    [
      1035783
    ]
  ],
  [
    "my.hellobar.com",
    [
      1035784
    ]
  ],
  [
    "||screenpopper.com/s-hub$script",
    [
      1035785
    ]
  ],
  [
    "||static.scarabresearch.com/wpjs$script",
    [
      1035786
    ]
  ],
  [
    "||cdn.swellrewards.com/loader$script",
    [
      1035787
    ]
  ],
  [
    "||lifterpopup.com/js/modal.js$script",
    [
      1035788
    ]
  ],
  [
    "||lpages.co/leadbox$script",
    [
      1035789
    ]
  ],
  [
    "||cdn.crall.io/t/client.js$script",
    [
      1035790
    ]
  ],
  [
    "||a.opmnstr.com/app/js/$script",
    [
      1035791
    ]
  ],
  [
    "||app2.salesmanago.pl/dynamic$script",
    [
      1035792
    ]
  ],
  [
    "||se.monetate.net/js/$script",
    [
      1035793
    ]
  ],
  [
    "||cdn.blueconic.net/hearst.js$script",
    [
      1035794
    ]
  ],
  [
    "/js/website/modal-newsletter~rc-module-newsletter",
    [
      1035795
    ]
  ],
  [
    "||cdn.omniconvert.com/js$script",
    [
      1035796
    ]
  ],
  [
    "||cdn.omniconvert.com/async/js$script",
    [
      1035797
    ]
  ],
  [
    "/frosmo.easy.js",
    [
      1035798
    ]
  ],
  [
    "||static-sb.com/js/sb-tracker.js$script",
    [
      1035799
    ]
  ],
  [
    "||mailmojo.no/sdk.js$script",
    [
      1035800
    ]
  ],
  [
    "/wp-content/popupally-pro-scripts",
    [
      1035801
    ]
  ],
  [
    "||media-inea.ipresso.pl/monitoridentification$script",
    [
      1035802
    ]
  ],
  [
    "/wp-content/plugins/mailoptin/*",
    [
      1035803
    ]
  ],
  [
    "||a.optnmnstr.com/app/js/$script",
    [
      1035804
    ]
  ],
  [
    "||static.popmechanic.ru/service/loader.js$script",
    [
      1035805
    ]
  ],
  [
    "static.zotabox.com",
    [
      1035806
    ]
  ],
  [
    "||marketbeat.com/scripts/modal/affiliatepopup.js$script",
    [
      1035807
    ]
  ],
  [
    "||widget.pico.tools/static/js/bundle.js$script",
    [
      1035808
    ]
  ],
  [
    "||powr.io/powr.js$script",
    [
      1035809
    ]
  ],
  [
    "/wp-content/plugins/layered-popups/*",
    [
      1035810
    ]
  ],
  [
    "/wp-content/plugins/mailchimp-for-wp/*",
    [
      1035811
    ]
  ],
  [
    "||bounceexchange.com/tag$script",
    [
      1035812
    ]
  ],
  [
    "tag.bounceexchange.com",
    [
      1035813
    ]
  ],
  [
    "||leadpages.net/leadboxes/current$script",
    [
      1035814
    ]
  ],
  [
    "||flodesk.com/universal$script",
    [
      1035815
    ]
  ],
  [
    "||activehosted.com/f/embed.php$script,domain=~renegade.global",
    [
      1035816
    ]
  ],
  [
    "/wp-content/plugins/99robots-optin-fire/*",
    [
      1035817
    ]
  ],
  [
    "||getresponse.com/view_webform$script",
    [
      1035818
    ]
  ],
  [
    "/gr-popups$script",
    [
      1035819
    ]
  ],
  [
    "||get.exitintel.com/load.js$script",
    [
      1035820
    ]
  ],
  [
    "/popup-by-supsystic/*",
    [
      1035821
    ]
  ],
  [
    "||cdn.jst.ai/mwgt$script",
    [
      1035822
    ]
  ],
  [
    "||milotree.com/container$script",
    [
      1035823
    ]
  ],
  [
    "/zaius-min.js",
    [
      1035824
    ]
  ],
  [
    "/wp-content/plugins/convertplug/*$~image",
    [
      1035825
    ]
  ],
  [
    "/wp-content/plugins/optin-monster/*",
    [
      1035826
    ]
  ],
  [
    ".wisepops.com/get-loader.js",
    [
      1035827
    ]
  ],
  [
    "api.exponea.com",
    [
      1035828
    ]
  ],
  [
    "/ouibounce.min.js",
    [
      1035829
    ]
  ],
  [
    "||bluecore.com/triggermail$script",
    [
      1035830
    ]
  ],
  [
    "||cloudiq.com/tag$script",
    [
      1035831
    ]
  ],
  [
    "||leadpages.net/leadbars/current/embed.js$script",
    [
      1035832
    ]
  ],
  [
    "||s.sloyalty.com/site_media$script",
    [
      1035833
    ]
  ],
  [
    "||klaviyo.com/onsite/js/vendors~signupForms$script",
    [
      1035834
    ]
  ],
  [
    "/vidstore-popups/assets/public/js/newsletter.min.js",
    [
      1035835
    ]
  ],
  [
    "||app-abd.marketo.com/js$script",
    [
      1035836
    ]
  ],
  [
    "||omappapi.com/app$script",
    [
      1035837
    ]
  ],
  [
    "tag.getdrip.com",
    [
      1035838
    ]
  ],
  [
    "||zoho.com/js/optin$script",
    [
      1035839
    ]
  ],
  [
    "/entries?content_type=staticContentBlock&fields.id=email-capture",
    [
      1035840
    ]
  ],
  [
    "||cloud-iq.com/cartrecovery/store.js$script",
    [
      1035841
    ]
  ],
  [
    "/axnewsletter.js",
    [
      1035842
    ]
  ],
  [
    "/wp-content/plugins/popupally",
    [
      1035843
    ]
  ],
  [
    "api.omappapi.com",
    [
      1035844
    ]
  ],
  [
    "/email-capture/email-capture-",
    [
      1035845
    ]
  ],
  [
    "||californiatimes.com/newsletter-campaign-manager$script",
    [
      1035846
    ]
  ],
  [
    "||quitsnap-blue.com/js/os_engine.js$script",
    [
      1035847
    ]
  ],
  [
    "/wp-content/plugins/convertpro/*",
    [
      1035848
    ]
  ],
  [
    "/wp-content/plugins/optin-revolution/*",
    [
      1035849
    ]
  ],
  [
    "||addthis.com/js/300/addthis_widget.js$script",
    [
      1035850
    ]
  ],
  [
    "api-cis.exponea.com",
    [
      1035851
    ]
  ],
  [
    "||api.traq.li/public/sdk$script",
    [
      1035852
    ]
  ],
  [
    "tracking.retargeting.biz",
    [
      1035853
    ]
  ],
  [
    "ping.contactpigeon.com",
    [
      1035854
    ]
  ],
  [
    "/newsletter-invite.js",
    [
      1035855
    ]
  ],
  [
    "/Action-Subscribe-2019.js",
    [
      1035856
    ]
  ],
  [
    "||convertbox.com/convertbox$script,third-party",
    [
      1035857
    ]
  ],
  [
    "||birdsend.co/assets/static/js/pixel/main.js$script",
    [
      1035858
    ]
  ],
  [
    "||hd.koloo.net/oo.js$script",
    [
      1035859
    ]
  ],
  [
    "||receiptful.com/scripts/shopify.js$script",
    [
      1035860
    ]
  ],
  [
    "t2.netsalesmedia.pl",
    [
      1035861
    ]
  ],
  [
    "content.govdelivery.com",
    [
      1035862
    ]
  ],
  [
    "api.pushnami.com",
    [
      1035863
    ]
  ],
  [
    "/js/deploy/syndicated-newsletter",
    [
      1035864
    ]
  ],
  [
    "||klaviyo.com/onsite/js/signup_forms$script,domain=~ufpro.com|~worldwidestereo.com|~salada.com",
    [
      1035865
    ]
  ],
  [
    "popup.popupsmart.com",
    [
      1035866
    ]
  ],
  [
    "/mol-fe-newsletter-popup/*",
    [
      1035867
    ]
  ],
  [
    "cdn.popt.in",
    [
      1035868
    ]
  ],
  [
    "||data.whizeo.com/widgets$script",
    [
      1035869
    ]
  ],
  [
    "||securedvisit.com/js/sv.js$script",
    [
      1035870
    ]
  ],
  [
    "||dev.visualwebsiteoptimizer.com/j.php$script",
    [
      1035871
    ]
  ],
  [
    "||convertkitqa.com/ckjs$script",
    [
      1035872
    ]
  ],
  [
    "||bounceexchange.com/assets/smart-tag$script",
    [
      1035873
    ]
  ],
  [
    "||adoric-om.com/adoric.js$script",
    [
      1035874
    ]
  ],
  [
    "/wp-content/plugins/woo-coupon-box/*",
    [
      1035875
    ]
  ],
  [
    "forms.convertkit.com",
    [
      1035876
    ]
  ],
  [
    "||convertkit.com/assets^$third-party",
    [
      1035877
    ]
  ],
  [
    "||sdks.automizely.com/conversions$script",
    [
      1035878
    ]
  ],
  [
    "cdn.attn.tv",
    [
      1035879
    ]
  ],
  [
    "||cdn.threadloom.com/ga$script",
    [
      1035880
    ]
  ],
  [
    "/js/website/modal-newsletter",
    [
      1035881
    ]
  ],
  [
    "/exponea.min.js",
    [
      1035882
    ]
  ],
  [
    "||newell.evergage.com/beacon$script",
    [
      1035883
    ]
  ],
  [
    "/evergage.min.js",
    [
      1035884
    ]
  ],
  [
    "/klaviyo_subscribe.js",
    [
      1035885
    ]
  ],
  [
    "||mailcampaigns.nl/interface/popup$script",
    [
      1035886
    ]
  ],
  [
    "/next-gen/dist/NewsletterPopup",
    [
      1035887
    ]
  ],
  [
    "forms.smsbump.com",
    [
      1035888
    ]
  ],
  [
    "/mod_motivatingcoupon/facebox/*",
    [
      1035889
    ]
  ],
  [
    "||static.redeal.se/widget/js/redeal.js$script",
    [
      1035890
    ]
  ],
  [
    "||cdn.optinly.net$third-party",
    [
      1035891
    ]
  ],
  [
    "/rg_smartpopup/*",
    [
      1035892
    ]
  ],
  [
    "/alert/email_subscribe/*",
    [
      1035893
    ]
  ],
  [
    "/arengu-newsletter.js",
    [
      1035894
    ]
  ],
  [
    "/popup-newsletter-$script",
    [
      1035895
    ]
  ],
  [
    "||assets.mailerlite.com^$script",
    [
      1035896
    ]
  ],
  [
    "/ps_emailsubscription.js",
    [
      1035897
    ]
  ],
  [
    "||embedded.wishpondpages.com$third-party,subdocument",
    [
      1035898
    ]
  ],
  [
    "/hs-web-interactive-$third-party,subdocument",
    [
      1035899
    ]
  ],
  [
    "/ht_newsletterpopup",
    [
      1035900
    ]
  ],
  [
    "/avada-popup.min.js",
    [
      1035901
    ]
  ],
  [
    "||connectif.cloud^$third-party",
    [
      1035902
    ]
  ],
  [
    "||tr.vitals.co^$third-party",
    [
      1035903
    ]
  ],
  [
    "||optimove.net^$third-party",
    [
      1035904
    ]
  ],
  [
    "||sail-horizon.com^$third-party",
    [
      1035905
    ]
  ],
  [
    "/assets/section-mailing-popup.",
    [
      1035906
    ]
  ],
  [
    "/kadence-conversions.",
    [
      1035907
    ]
  ],
  [
    "||postscript.io^$third-party",
    [
      1035908
    ]
  ],
  [
    "||getsitecontrol.com^$third-party",
    [
      1035909
    ]
  ],
  [
    "||retargeting.newsmanapp.com^$third-party",
    [
      1035910
    ]
  ],
  [
    "||themarketer.com^$third-party",
    [
      1035911
    ]
  ],
  [
    "/wp-content/plugins/mailpoet/*",
    [
      1035912
    ]
  ],
  [
    "||grow.me^$third-party",
    [
      1035913
    ]
  ],
  [
    "NotificationDisclaimerControl.js$domain=vontobel.com",
    [
      1035914
    ]
  ],
  [
    "list-builder.js$domain=wanderlust.co.uk",
    [
      1035915
    ]
  ],
  [
    "/amd_modules/newsletter-hover$domain=webmd.com",
    [
      1035916
    ]
  ],
  [
    "/politica-privacidade/lightbox$domain=toysrus.pt",
    [
      1035917
    ]
  ],
  [
    "/opentag-$domain=jet2.com",
    [
      1035918
    ]
  ],
  [
    "global-lightbox.js$domain=drschollsshoes.com",
    [
      1035919
    ]
  ],
  [
    "/wpp-popup-frontend.js$domain=globalvoices.org",
    [
      1035920
    ]
  ],
  [
    "/email.js$domain=tp-link.com",
    [
      1035921
    ]
  ],
  [
    "||ibt-mail.com/view_webform$script,domain=ibtimes.com",
    [
      1035922
    ]
  ],
  [
    "/lightboxform.js$domain=tips.net",
    [
      1035923
    ]
  ],
  [
    "/esm.js$domain=yamahamotorsports.com",
    [
      1035924
    ]
  ],
  [
    "/aiosp-jsonp.js$domain=kleren.com",
    [
      1035925
    ]
  ],
  [
    "/vol-modal/*$domain=thepaintstore.com",
    [
      1035926
    ]
  ],
  [
    "||imimg.com/js/reqForms.min.js$script,domain=indiamart.com",
    [
      1035927
    ]
  ],
  [
    "try.abtasty.com$domain=leparisien.fr",
    [
      1035928
    ]
  ],
  [
    "/Action-Subscribe$domain=naturalnews.com",
    [
      1035929
    ]
  ],
  [
    "/sharing/popover.js$domain=mymemory.co.uk",
    [
      1035930
    ]
  ],
  [
    "/popup/tsr$domain=superyachtnews.com",
    [
      1035931
    ]
  ],
  [
    "/simpleSignupManager.chunk.js$domain=manning.com",
    [
      1035932
    ]
  ],
  [
    "cdn-promote.weebly.com$domain=weebly.com",
    [
      1035933
    ]
  ],
  [
    "/acquisition-tag.js$domain=latribune.fr",
    [
      1035934
    ]
  ],
  [
    "/pharmapopin/*$domain=pharmasimple.com",
    [
      1035935
    ]
  ],
  [
    "/crm.js$domain=fujifilm-x.com",
    [
      1035936
    ]
  ],
  [
    "/sven_daspopup/*$domain=adler-farbenmeister.com",
    [
      1035937
    ]
  ],
  [
    "/PopupNewsletter/GetLayer$domain=yoox.com",
    [
      1035938
    ]
  ],
  [
    "/emailcollection/*$domain=motorsport.com",
    [
      1035939
    ]
  ],
  [
    "/popoverv2.js*$domain=britishcornershop.co.uk",
    [
      1035940
    ]
  ],
  [
    "/fp-web-flyout-widget.min.js^$domain=getfirepush.com",
    [
      1035941
    ]
  ],
  [
    "/tingle.$domain=arcade1up.com",
    [
      1035942
    ]
  ],
  [
    "||tinypass.com/api/tinypass.min.js^$domain=technologyreview.com",
    [
      1035943
    ]
  ],
  [
    "/SysConsentComponent.js$domain=netpeak.net",
    [
      1035944
    ]
  ],
  [
    "||safetyfirstaid.co.uk/ajx_newsletter",
    [
      1035945
    ]
  ],
  [
    "/uael-modal-popup.$domain=ackerwines.com",
    [
      1035946
    ]
  ],
  [
    "||cdn.p-n.io/pushly$script",
    [
      1035947
    ]
  ],
  [
    "||app3.emlgrid.com/static/sm.js$script",
    [
      1035948
    ]
  ],
  [
    "webpush-desktop.chunk.js",
    [
      1035949
    ]
  ],
  [
    "||push4site.com/Static/Script/$script",
    [
      1035950
    ]
  ],
  [
    "cdn.ghostmonitor.com",
    [
      1035951
    ]
  ],
  [
    "notify.hindustantimes.com",
    [
      1035952
    ]
  ],
  [
    "webpush.interia.pl",
    [
      1035953
    ]
  ],
  [
    ".izooto.com/scripts",
    [
      1035954
    ]
  ],
  [
    "js.pusher.com$domain=~itv.com|~lickd.co|~foliohd.com",
    [
      1035955
    ]
  ],
  [
    "||push-ad.com/integration.php$script",
    [
      1035956
    ]
  ],
  [
    "||cdn.pushassist.com/account/assets/$script",
    [
      1035957
    ]
  ],
  [
    "||gadgets.ndtv.com/static/desktop/js/notification_popup-min.js$script",
    [
      1035958
    ]
  ],
  [
    "pusherism.com",
    [
      1035959
    ]
  ],
  [
    "pushnest.com",
    [
      1035960
    ]
  ],
  [
    "||getpushmonkey.com/sdk/config$script",
    [
      1035961
    ]
  ],
  [
    "||cdn.onesignal.com/sdks$script",
    [
      1035962
    ]
  ],
  [
    "||pushpushgo.com/js$script",
    [
      1035963
    ]
  ],
  [
    "cdn.sendpulse.com$domain=~movie4k.eu",
    [
      1035964
    ]
  ],
  [
    "||salesmanago.pl/static/sm.js$script",
    [
      1035965
    ]
  ],
  [
    "cdn.pushcrew.com",
    [
      1035966
    ]
  ],
  [
    "/streamlined-push-plugin.production.min.js",
    [
      1035967
    ]
  ],
  [
    "app.push-ad.com",
    [
      1035968
    ]
  ],
  [
    "/pushnotification/service-worker-script.js",
    [
      1035969
    ]
  ],
  [
    "/sp-push-worker.js",
    [
      1035970
    ]
  ],
  [
    "95p5qep4aq.com",
    [
      1035971
    ]
  ],
  [
    "||snrcdn.net/sdk/$script",
    [
      1035972
    ]
  ],
  [
    "via.batch.com",
    [
      1035973
    ]
  ],
  [
    "||wonderpush.com/sdk/$script",
    [
      1035974
    ]
  ],
  [
    "clientcdn.pushengage.com",
    [
      1035975
    ]
  ],
  [
    "||web-sdk.urbanairship.com/notify/$script",
    [
      1035976
    ]
  ],
  [
    "api.sociaplus.com",
    [
      1035977
    ]
  ],
  [
    "/plugins/tmx-push/*",
    [
      1035978
    ]
  ],
  [
    "/firebase-messaging.js$domain=~dn.pt|~jn.pt",
    [
      1035979
    ]
  ],
  [
    "pushno.com",
    [
      1035980
    ]
  ],
  [
    "pushwhy.com",
    [
      1035981
    ]
  ],
  [
    "pushame.com",
    [
      1035982
    ]
  ],
  [
    "||voirfilms.ws/sw.js$script",
    [
      1035983
    ]
  ],
  [
    "||siteswithcontent.com/js/push$script",
    [
      1035984
    ]
  ],
  [
    "||cdn.moengage.com/webpush$script",
    [
      1035985
    ]
  ],
  [
    "||brandflow.net/static/general/push-init-code.js$script",
    [
      1035986
    ]
  ],
  [
    "||cleverpush.com/channel/loader$script",
    [
      1035987
    ]
  ],
  [
    "||static.getback.ch/clients$script",
    [
      1035988
    ]
  ],
  [
    "/PushNotifications.",
    [
      1035989
    ]
  ],
  [
    "cdn.pushowl.com",
    [
      1035990
    ]
  ],
  [
    "||accengage.net/pushweb/$script",
    [
      1035991
    ]
  ],
  [
    "||cdn.foxpush.net/sdk/foxpush_SDK$script",
    [
      1035992
    ]
  ],
  [
    "||js.appboycdn.com/web-sdk/$script",
    [
      1035993
    ]
  ],
  [
    "||cdn.taboola.com/libtrc/tmg-network/loader.js$script",
    [
      1035994
    ]
  ],
  [
    "/js/push_subscription.js",
    [
      1035995
    ]
  ],
  [
    "||pushwoosh.com/webpush$script",
    [
      1035996
    ]
  ],
  [
    "push_service-worker.js",
    [
      1035997
    ]
  ],
  [
    "0_ghpush_client.js",
    [
      1035998
    ]
  ],
  [
    "||pastoupt.com/ntfc.php$script",
    [
      1035999
    ]
  ],
  [
    "||pushsar.com/ntfc.php$script",
    [
      1036000
    ]
  ],
  [
    "sdk.jeeng.com",
    [
      1036001
    ]
  ],
  [
    "||d3bo67muzbfgtl.cloudfront.net/edrone$script",
    [
      1036002
    ]
  ],
  [
    "||admessage.support/system_domain.js$script",
    [
      1036003
    ]
  ],
  [
    "/push/js/sdk/insider-push-native-sdk.js",
    [
      1036004
    ]
  ],
  [
    "pharance.com",
    [
      1036005
    ]
  ],
  [
    "||pushance.com/ntfc.php$script",
    [
      1036006
    ]
  ],
  [
    "||tattepush.com/push.js$script",
    [
      1036007
    ]
  ],
  [
    ".contentsitesrv.com/js/push",
    [
      1036008
    ]
  ],
  [
    "||jattepush.com/push.js$script",
    [
      1036009
    ]
  ],
  [
    "||pushanert.com/ntfc.php$script",
    [
      1036010
    ]
  ],
  [
    "/web-push/init.min.js$domain=~finanzen.ch|~finanzen.net|~finanzen.at",
    [
      1036011
    ]
  ],
  [
    "||aimtell.com/trackpush/trackpush.min.js$script",
    [
      1036012
    ]
  ],
  [
    "||hmcfront.akamaized.net/hd/extra/assets/www/notification.$script",
    [
      1036013
    ]
  ],
  [
    "/webpush.js",
    [
      1036014
    ]
  ],
  [
    "||youlead.pl/ylwebpush.js$script",
    [
      1036015
    ]
  ],
  [
    "push.delivery.ethinking.de",
    [
      1036016
    ]
  ],
  [
    "/web-push.js",
    [
      1036017
    ]
  ],
  [
    "||freeclick.me/?pu=$script",
    [
      1036018
    ]
  ],
  [
    "||cdn.pushalert.co/integrate$script",
    [
      1036019
    ]
  ],
  [
    "||cdn.gravitec.net/storage$script",
    [
      1036020
    ]
  ],
  [
    ".izooto.com/optin",
    [
      1036021
    ]
  ],
  [
    "cdn.qgraph.io",
    [
      1036022
    ]
  ],
  [
    "sw.wpush.org",
    [
      1036023
    ]
  ],
  [
    "||cdn.pn.vg/c/ig/pushnews.min.js$script",
    [
      1036024
    ]
  ],
  [
    "||subscribers.com/assets/subscribers.js$script",
    [
      1036025
    ]
  ],
  [
    "/webpush-loader.js",
    [
      1036026
    ]
  ],
  [
    "app.wigzo.com",
    [
      1036027
    ]
  ],
  [
    "app.getbeamer.com",
    [
      1036028
    ]
  ],
  [
    "api.signalize.com",
    [
      1036029
    ]
  ],
  [
    "cdn.letreach.com",
    [
      1036030
    ]
  ],
  [
    "gg.faromen.online",
    [
      1036031
    ]
  ],
  [
    "/js/webpushr.app",
    [
      1036032
    ]
  ],
  [
    "||pushwoosh.com/json$script",
    [
      1036033
    ]
  ],
  [
    "||pushpushgo.com/scripts$script",
    [
      1036034
    ]
  ],
  [
    "||hrbpark.bid/pushJs$script",
    [
      1036035
    ]
  ],
  [
    "||webpushs.com/js/push$script",
    [
      1036036
    ]
  ],
  [
    "wwopenclick.space",
    [
      1036037
    ]
  ],
  [
    "iss.shopimind.com",
    [
      1036038
    ]
  ],
  [
    "||cdn.pn.vg/push$script",
    [
      1036039
    ]
  ],
  [
    "/webpush-production.js",
    [
      1036040
    ]
  ],
  [
    "cdn.notifyvisitors.com",
    [
      1036041
    ]
  ],
  [
    "||cdn.webpushr.com/app$script",
    [
      1036042
    ]
  ],
  [
    "t2.netsalesmedia.pl",
    [
      1036043
    ]
  ],
  [
    "api.pushnami.com",
    [
      1036044
    ]
  ],
  [
    "/OneSignalSDK",
    [
      1036045
    ]
  ],
  [
    "||aswpsdkus.com/notify$script",
    [
      1036046
    ]
  ],
  [
    "/web-push-notification.js",
    [
      1036047
    ]
  ],
  [
    "/nano-webpush-ui",
    [
      1036048
    ]
  ],
  [
    "cdn.pushmaster-cdn.xyz",
    [
      1036049
    ]
  ],
  [
    "cdn.netmera-web.com",
    [
      1036050
    ]
  ],
  [
    "/smio-push-notification/*",
    [
      1036051
    ]
  ],
  [
    "/BildirtSDKfiles.js",
    [
      1036052
    ]
  ],
  [
    "cdn.onepush.app",
    [
      1036053
    ]
  ],
  [
    "||truepush.com/sdk$script",
    [
      1036054
    ]
  ],
  [
    "||assets.emarsys.net/web-emarsys-sdk/*$script",
    [
      1036055
    ]
  ],
  [
    "||notifpush.com/scripts$script",
    [
      1036056
    ]
  ],
  [
    "||js.smct.io/*/notifications*$script",
    [
      1036057
    ]
  ],
  [
    "push/push*$script",
    [
      1036058
    ]
  ],
  [
    "||pushwoosh.com^",
    [
      1036059
    ]
  ],
  [
    "/pushnotifications^",
    [
      1036060
    ]
  ],
  [
    "||sendsay.ru/backend/push/*",
    [
      1036061
    ]
  ],
  [
    "/social_push_notifications/*",
    [
      1036062
    ]
  ],
  [
    "||pushpanda.io^$third-party",
    [
      1036063
    ]
  ],
  [
    "||potisni.me/js/enable-push.js$third-party",
    [
      1036064
    ]
  ],
  [
    "/_pushAllow.js",
    [
      1036065
    ]
  ],
  [
    "/clevertap.min.js",
    [
      1036066
    ]
  ],
  [
    "plugins/tfnotifier-wp/*",
    [
      1036067
    ]
  ],
  [
    "messaging/webpush*",
    [
      1036068
    ]
  ],
  [
    "/service-webpush-firebase.js",
    [
      1036069
    ]
  ],
  [
    "/js/push.js",
    [
      1036070
    ]
  ],
  [
    "/notification.*.js$domain=~qudosbank.com.au|~myhealth.va.gov|~costco.ca|~costco.com",
    [
      1036071
    ]
  ],
  [
    "@@||notification.dmm.co.jp$script",
    [
      1036072
    ]
  ],
  [
    "||notix.io^$third-party",
    [
      1036073
    ]
  ],
  [
    "||pushouse.com^$third-party",
    [
      1036074
    ]
  ],
  [
    "||yottlyscript.com/push/*",
    [
      1036075
    ]
  ],
  [
    "/wzrk_dialog.min.js",
    [
      1036076
    ]
  ],
  [
    "||gr-cdn-e.eu/*/push-notification^$script",
    [
      1036077
    ]
  ],
  [
    "||dengage.com^$third-party",
    [
      1036078
    ]
  ],
  [
    "||larapush.com^$third-party",
    [
      1036079
    ]
  ],
  [
    "/sw.js$domain=pinterest.com",
    [
      1036080
    ]
  ],
  [
    "/public/spartanien/js/sw_handler$domain=spartanien.de",
    [
      1036081
    ]
  ],
  [
    "/pushes/notification.js$domain=rt.com",
    [
      1036082
    ]
  ],
  [
    "/js/subscriber$domain=mitula.pt",
    [
      1036083
    ]
  ],
  [
    "/firebase.js$domain=alibaba.com",
    [
      1036084
    ]
  ],
  [
    "/sw.js$domain=1337x.is",
    [
      1036085
    ]
  ],
  [
    "/sw.js$domain=1337x.to",
    [
      1036086
    ]
  ],
  [
    "/push-main-min.js$domain=ndtv.com",
    [
      1036087
    ]
  ],
  [
    "/js/adNotice.js$domain=hardwarezone.com.sg",
    [
      1036088
    ]
  ],
  [
    "/push/*$domain=tut.by",
    [
      1036089
    ]
  ],
  [
    "/firebase.min.js$domain=azoresgetaways.com",
    [
      1036090
    ]
  ],
  [
    "/firebase.js$domain=tribunavalladolid.com",
    [
      1036091
    ]
  ],
  [
    "client-.js$domain=hoerbuch.us",
    [
      1036092
    ]
  ],
  [
    "/js/a.js$domain=allevents.in",
    [
      1036093
    ]
  ],
  [
    "notifi.min.js$domain=antyradio.pl",
    [
      1036094
    ]
  ],
  [
    "/app.js$domain=lightinthebox.com",
    [
      1036095
    ]
  ],
  [
    "/min/js/sw/*$domain=sputniknews.com",
    [
      1036096
    ]
  ],
  [
    "/clientt.js$domain=cript.to",
    [
      1036097
    ]
  ],
  [
    "wsNotification.js$domain=wondershare.com",
    [
      1036098
    ]
  ],
  [
    "||tags.tiqcdn.com/utag$script,domain=national-lottery.co.uk",
    [
      1036099
    ]
  ],
  [
    "/notification-topics.js^$domain=winnipegfreepress.com",
    [
      1036100
    ]
  ],
  [
    "nebula-cdn.kampyle.com",
    [
      1036101
    ]
  ],
  [
    "||turbo.qualaroo.com/c.js$script",
    [
      1036102
    ]
  ],
  [
    "||scripts.psyma.com/layer_question$script",
    [
      1036103
    ]
  ],
  [
    "w.usabilla.com",
    [
      1036104
    ]
  ],
  [
    "||static.hotjar.com/c/hotjar$script",
    [
      1036105
    ]
  ],
  [
    "||scripts.psyma.com/html/layer/json_question.php$script",
    [
      1036106
    ]
  ],
  [
    "||visualwebsiteoptimizer.com/va_survey$script",
    [
      1036107
    ]
  ],
  [
    "gateway.answerscloud.com",
    [
      1036108
    ]
  ],
  [
    "st.getsitecontrol.com",
    [
      1036109
    ]
  ],
  [
    "||survey.g.doubleclick.net/survey$script",
    [
      1036110
    ]
  ],
  [
    "/opiniac.js",
    [
      1036111
    ]
  ],
  [
    "||ssl.ceneo.pl/shops/$script",
    [
      1036112
    ]
  ],
  [
    "||cloud.netquest.sk/scripts/widget$script",
    [
      1036113
    ]
  ],
  [
    "||storage.googleapis.com/outfox/ocs/surveys/$script",
    [
      1036114
    ]
  ],
  [
    "||kameleoon.eu/kameleoon.js$script",
    [
      1036115
    ]
  ],
  [
    "||invitation.opinionbar.com/wit/popups$script",
    [
      1036116
    ]
  ],
  [
    "||neads.delivery/opinion-seed-embed.js$script",
    [
      1036117
    ]
  ],
  [
    "||collect.mopinion.com/assets/surveys/$script",
    [
      1036118
    ]
  ],
  [
    "/runtimejs/dist/survey/js/survey.js$domain=~alchemer.eu",
    [
      1036119
    ]
  ],
  [
    "||surveygizmobeacon.s3.amazonaws.com/beaconconfigs/$script",
    [
      1036120
    ]
  ],
  [
    "||cpx.smind.hr/Log/LogData$script",
    [
      1036121
    ]
  ],
  [
    "||widget.surveymonkey.com/collect$script,domain=~onboarding.italki.com",
    [
      1036122
    ]
  ],
  [
    "||cdn.feedbackify.com/f.js$script",
    [
      1036123
    ]
  ],
  [
    "||invitation.opinionbar.com/popups$script",
    [
      1036124
    ]
  ],
  [
    "/bundles/Scripts/OpinionLab.js",
    [
      1036125
    ]
  ],
  [
    "||survey.nuggad.net/c/layer-html$script",
    [
      1036126
    ]
  ],
  [
    "||ips-invite.iperceptions.com/invitations$script",
    [
      1036127
    ]
  ],
  [
    "/oo_engine.min.js",
    [
      1036128
    ]
  ],
  [
    "||userzoom.com/feedback$script",
    [
      1036129
    ]
  ],
  [
    "||invite.leanlab.co/invite/invite.js$script",
    [
      1036130
    ]
  ],
  [
    "||userreport.com/newsquest/launcher.js$script",
    [
      1036131
    ]
  ],
  [
    "siteintercept.qualtrics.com",
    [
      1036132
    ]
  ],
  [
    "||sandsiv.com/digi_runner.js?surveyId$script",
    [
      1036133
    ]
  ],
  [
    "||digitalfeedback.euro.confirmit.com/api$script",
    [
      1036134
    ]
  ],
  [
    "||taskanalytics.com/tm.js$script",
    [
      1036135
    ]
  ],
  [
    "popup.designtutkimus.fi",
    [
      1036136
    ]
  ],
  [
    "||guitaretab.com/static/js/hats$script",
    [
      1036137
    ]
  ],
  [
    "/v1/survey_invite.min.js",
    [
      1036138
    ]
  ],
  [
    "||app.alpheid.com/js/marketing_automation$script",
    [
      1036139
    ]
  ],
  [
    "||siteimproveanalytics.com/js/siteanalyze$script",
    [
      1036140
    ]
  ],
  [
    "||cdn.judge.me/shopify_v2.js$script",
    [
      1036141
    ]
  ],
  [
    "||static.yourcx.io/customers$script",
    [
      1036142
    ]
  ],
  [
    "||webankieta.pl/scripts/widget$script",
    [
      1036143
    ]
  ],
  [
    "popin.survey-xact.dk",
    [
      1036144
    ]
  ],
  [
    "||myaudience.de/sv/rifflejs.php$script",
    [
      1036145
    ]
  ],
  [
    "||survey.survicate.com/workspaces$script",
    [
      1036146
    ]
  ],
  [
    "||tryinteract.com/promotions/init.js$script",
    [
      1036147
    ]
  ],
  [
    "||scripts.psyma.com/scripts$script",
    [
      1036148
    ]
  ],
  [
    "||surveygizmo.eu/runtimejs/intercept$script",
    [
      1036149
    ]
  ],
  [
    "widgets.opinary.com",
    [
      1036150
    ]
  ],
  [
    "||uxfeedback.ru/widget.js$script",
    [
      1036151
    ]
  ],
  [
    "||e-satisfaction.com/dist/js/integration$script",
    [
      1036152
    ]
  ],
  [
    "||gateway.foresee.com$third-party",
    [
      1036153
    ]
  ],
  [
    "/vendor/opinionlab/*$domain=lenovo.com",
    [
      1036154
    ]
  ],
  [
    "survey.js$domain=medier24.no",
    [
      1036155
    ]
  ],
  [
    "/components-nps-survey$domain=spanishdict.com",
    [
      1036156
    ]
  ],
  [
    "ExitIntentModal.js$domain=stepstone.de",
    [
      1036157
    ]
  ],
  [
    "/surveys/*$domain=europa.eu",
    [
      1036158
    ]
  ],
  [
    "||visitor.reactful.com/dist/main$script",
    [
      1036159
    ]
  ],
  [
    "/popup/puppy.js$domain=sueddeutsche.de",
    [
      1036160
    ]
  ],
  [
    "||userreport.com/aperitif/launcher.js",
    [
      1036161
    ]
  ],
  [
    "||apps.veedio.it/js/videobox$script",
    [
      1036162
    ]
  ],
  [
    "/responsive-player/video-feature-sticky.js",
    [
      1036163
    ]
  ],
  [
    "||s-pt.ppstatic.pl/p/js/regionalne/plywajace_wideo.js$script",
    [
      1036164
    ]
  ],
  [
    "/js/compiled/atoms/article/sticky-video.js",
    [
      1036165
    ]
  ],
  [
    "||sdk.digitalbees.it/jssdk.js$script",
    [
      1036166
    ]
  ],
  [
    "||live.sekindo.com/live/liveView.php$script",
    [
      1036167
    ]
  ],
  [
    "||c.jsrdn.com/s/cs.js$script",
    [
      1036168
    ]
  ],
  [
    "||playwire.com/plugins/docky.min.js$script",
    [
      1036169
    ]
  ],
  [
    "||cdn.connatix.com/min/connatix.renderer.infeed.min.js$script",
    [
      1036170
    ]
  ],
  [
    "||ultimedia.com/api/widget/smart$script",
    [
      1036171
    ]
  ],
  [
    "||stream.playbuzz.com/embed/sdk.js$script",
    [
      1036172
    ]
  ],
  [
    "||delivery.youplay.se/load.js$script",
    [
      1036173
    ]
  ],
  [
    "embed.sendtonews.com",
    [
      1036174
    ]
  ],
  [
    "/wp-content/plugins/pmc-plugins/pmc-adm/*",
    [
      1036175
    ]
  ],
  [
    "||services.brid.tv/player$script",
    [
      1036176
    ]
  ],
  [
    "||mgid.com/js/wglibs/mgWidget$script",
    [
      1036177
    ]
  ],
  [
    "/stn-player.js$domain=titantv.com",
    [
      1036178
    ]
  ],
  [
    "||vplayer.enthusiastgaming.com/player/build/plugins/slideinview/*",
    [
      1036179
    ]
  ],
  [
    "/mol-adverts-delayed.js$domain=dailymail.co.uk",
    [
      1036180
    ]
  ],
  [
    "/twocol_article_autoplay/*$domain=belfasttelegraph.co.uk",
    [
      1036181
    ]
  ],
  [
    "players.brightcove.net$domain=uproxx.com",
    [
      1036182
    ]
  ],
  [
    "/coronaWidget5/*$domain=ibtimes.sg",
    [
      1036183
    ]
  ]
]